<html>
<body>
<pre>
<h1>µVision Build Log</h1>
<h2>Tool Versions:</h2>
IDE-Version: ¦ÌVision V5.14.0.0
Copyright (C) 2015 ARM Ltd and ARM Germany GmbH. All rights reserved.
License Information: Kevin chen, green light, LIC=JDALQ-NC291-RD4K3-AAMR8-BKKDX-P2BUE
 
Tool Versions:
Toolchain:       MDK-ARM Professional  Version: 5.14.0.0
Toolchain Path:  D:\keil-51\ARM\ARMCC\Bin
C Compiler:      Armcc.exe V5.05 update 1 (build 106)
Assembler:       Armasm.exe V5.05 update 1 (build 106)
Linker/Locator:  ArmLink.exe V5.05 update 1 (build 106)
Library Manager: ArmAr.exe V5.05 update 1 (build 106)
Hex Converter:   FromElf.exe V5.05 update 1 (build 106)
CPU DLL:         SARMCM3.DLL V5.14.0.0
Dialog DLL:      DCM.DLL V1.13.1.0
Target DLL:      STLink\ST-LINKIII-KEIL_SWO.dll V2.0.14.0_KEIL
Dialog DLL:      TCM.DLL V1.14.4.0
 
<h2>Project:</h2>
D:\BLDC\ST\FOC5.0\MC_SDK_5.0.1\Projects\F302RB\MDK-ARM\F302RB.uvproj
Project File Date:  09/28/2018

<h2>Output:</h2>
Rebuild target 'F302RB'
assembling startup_stm32f302x8.s...
compiling main.c...
compiling motorcontrol.c...
compiling mc_api.c...
compiling motor_control_protocol.c...
compiling mc_config.c...
compiling mc_tasks.c...
compiling stm32f30x_mc_it.c...
compiling mc_parameters.c...
compiling ui_task.c...
compiling user_interface.c...
compiling stm32f3xx_it.c...
compiling stm32f3xx_hal_msp.c...
compiling stm32f3xx_hal_adc.c...
compiling stm32f3xx_hal_adc_ex.c...
compiling stm32f3xx_hal_dac.c...
compiling stm32f3xx_hal_dac_ex.c...
compiling stm32f3xx_hal_tim.c...
compiling stm32f3xx_hal_tim_ex.c...
compiling stm32f3xx_hal_uart.c...
compiling stm32f3xx_hal_uart_ex.c...
compiling stm32f3xx_hal.c...
compiling stm32f3xx_hal_rcc.c...
compiling stm32f3xx_hal_rcc_ex.c...
compiling stm32f3xx_hal_gpio.c...
compiling stm32f3xx_hal_dma.c...
compiling stm32f3xx_hal_cortex.c...
compiling stm32f3xx_hal_pwr.c...
compiling stm32f3xx_hal_pwr_ex.c...
compiling stm32f3xx_hal_flash.c...
compiling stm32f3xx_hal_flash_ex.c...
compiling stm32f3xx_hal_i2c.c...
compiling stm32f3xx_hal_i2c_ex.c...
compiling system_stm32f3xx.c...
compiling Timebase.c...
compiling bus_voltage_sensor.c...
compiling circle_limitation.c...
compiling digital_output.c...
compiling mc_irq_handler.c...
compiling mc_math.c...
compiling mc_interface.c...
compiling motor_power_measurement.c...
compiling ntc_temperature_sensor.c...
compiling open_loop.c...
compiling pid_regulator.c...
compiling pqd_motor_power_measurement.c...
compiling pwm_curr_fdbk.c...
compiling r_divider_bus_voltage_sensor.c...
compiling ramp_ext_mngr.c...
compiling revup_ctrl.c...
compiling speed_pos_fdbk.c...
compiling speed_torq_ctrl.c...
compiling state_machine.c...
compiling sto_speed_pos_fdbk.c...
../MotorControl/MCSDK/MCLib/Any/Src/sto_speed_pos_fdbk.c(377): warning: C4018W: division by zero: /
  wAvrSpeed_dpp = wAvrSpeed_dpp / (int16_t)bSpeedBufferSize01Hz;
../MotorControl/MCSDK/MCLib/Any/Src/sto_speed_pos_fdbk.c: 1 warning, 0 errors
compiling virtual_speed_sensor.c...
compiling r1_f30x_pwm_curr_fdbk.c...
compiling dac_ui.c...
compiling dac_common_ui.c...
compiling frame_communication_protocol.c...
compiling ui_irq_handler.c...
compiling usart_frame_communication_protocol.c...
../MotorControl/MCSDK/UILibrary/Src/usart_frame_communication_protocol.c(274): warning:  #68-D: integer conversion resulted in a change of sign
../MotorControl/MCSDK/UILibrary/Src/usart_frame_communication_protocol.c: 1 warning, 0 errors
linking...
Program Size: Code=29952 RO-data=1172 RW-data=1932 ZI-data=1796  
FromELF: creating hex file...
"F302RB\F302RB.axf" - 0 Error(s), 2 Warning(s).
</pre>
</body>
</html>
