<!doctype html public "-//w3c//dtd html 4.0 transitional//en">
<html><head>
<title>Static Call Graph - [F302RB\F302RB.axf]</title></head>
<body><HR>
<H1>Static Call Graph for image F302RB\F302RB.axf</H1><HR>
<BR><P>#&#060CALLGRAPH&#062# ARM Linker, 5050106: Last Updated: Fri Sep 28 21:01:05 2018
<BR><P>
<H3>Maximum Stack Usage =        304 bytes + Unknown(Cycles, Untraceable Function Pointers)</H3><H3>
Call chain for Maximum Stack Depth:</H3>
main &rArr; HAL_ADC_Init &rArr; HAL_ADC_MspInit &rArr; HAL_GPIO_Init
<P>
<H3>
Mutually Recursive functions
</H3> <LI><a href="#[13]">NMI_Handler</a>&nbsp;&nbsp;&nbsp;&rArr;&nbsp;&nbsp;&nbsp;<a href="#[13]">NMI_Handler</a><BR>
 <LI><a href="#[15]">MemManage_Handler</a>&nbsp;&nbsp;&nbsp;&rArr;&nbsp;&nbsp;&nbsp;<a href="#[15]">MemManage_Handler</a><BR>
 <LI><a href="#[16]">BusFault_Handler</a>&nbsp;&nbsp;&nbsp;&rArr;&nbsp;&nbsp;&nbsp;<a href="#[16]">BusFault_Handler</a><BR>
 <LI><a href="#[17]">UsageFault_Handler</a>&nbsp;&nbsp;&nbsp;&rArr;&nbsp;&nbsp;&nbsp;<a href="#[17]">UsageFault_Handler</a><BR>
 <LI><a href="#[18]">SVC_Handler</a>&nbsp;&nbsp;&nbsp;&rArr;&nbsp;&nbsp;&nbsp;<a href="#[18]">SVC_Handler</a><BR>
 <LI><a href="#[19]">DebugMon_Handler</a>&nbsp;&nbsp;&nbsp;&rArr;&nbsp;&nbsp;&nbsp;<a href="#[19]">DebugMon_Handler</a><BR>
 <LI><a href="#[1a]">PendSV_Handler</a>&nbsp;&nbsp;&nbsp;&rArr;&nbsp;&nbsp;&nbsp;<a href="#[1a]">PendSV_Handler</a><BR>
 <LI><a href="#[31]">CAN_RX1_IRQHandler</a>&nbsp;&nbsp;&nbsp;&rArr;&nbsp;&nbsp;&nbsp;<a href="#[31]">CAN_RX1_IRQHandler</a><BR>
 <LI><a href="#[7f]">_Error_Handler</a>&nbsp;&nbsp;&nbsp;&rArr;&nbsp;&nbsp;&nbsp;<a href="#[7f]">_Error_Handler</a><BR>
</UL>
<P>
<H3>
Function Pointers
</H3><UL>
 <LI><a href="#[2e]">ADC1_IRQHandler</a> from stm32f30x_mc_it.o(i.ADC1_IRQHandler) referenced from startup_stm32f302x8.o(RESET)
 <LI><a href="#[16]">BusFault_Handler</a> from startup_stm32f302x8.o(.text) referenced from startup_stm32f302x8.o(RESET)
 <LI><a href="#[31]">CAN_RX1_IRQHandler</a> from startup_stm32f302x8.o(.text) referenced from startup_stm32f302x8.o(RESET)
 <LI><a href="#[32]">CAN_SCE_IRQHandler</a> from startup_stm32f302x8.o(.text) referenced from startup_stm32f302x8.o(RESET)
 <LI><a href="#[46]">COMP2_IRQHandler</a> from startup_stm32f302x8.o(.text) referenced from startup_stm32f302x8.o(RESET)
 <LI><a href="#[47]">COMP4_6_IRQHandler</a> from startup_stm32f302x8.o(.text) referenced from startup_stm32f302x8.o(RESET)
 <LI><a href="#[11]">DAC_Exec</a> from dac_ui.o(i.DAC_Exec) referenced 2 times from mc_config.o(.data)
 <LI><a href="#[d]">DAC_GetChannelConfig</a> from dac_common_ui.o(i.DAC_GetChannelConfig) referenced 2 times from mc_config.o(.data)
 <LI><a href="#[f]">DAC_GetUserChannelValue</a> from dac_common_ui.o(i.DAC_GetUserChannelValue) referenced 2 times from mc_config.o(.data)
 <LI><a href="#[10]">DAC_Init</a> from dac_ui.o(i.DAC_Init) referenced 2 times from mc_config.o(.data)
 <LI><a href="#[c]">DAC_SetChannelConfig</a> from dac_common_ui.o(i.DAC_SetChannelConfig) referenced 2 times from mc_config.o(.data)
 <LI><a href="#[e]">DAC_SetUserChannelValue</a> from dac_common_ui.o(i.DAC_SetUserChannelValue) referenced 2 times from mc_config.o(.data)
 <LI><a href="#[27]">DMA1_Channel1_IRQHandler</a> from startup_stm32f302x8.o(.text) referenced from startup_stm32f302x8.o(RESET)
 <LI><a href="#[28]">DMA1_Channel2_IRQHandler</a> from startup_stm32f302x8.o(.text) referenced from startup_stm32f302x8.o(RESET)
 <LI><a href="#[29]">DMA1_Channel3_IRQHandler</a> from startup_stm32f302x8.o(.text) referenced from startup_stm32f302x8.o(RESET)
 <LI><a href="#[2a]">DMA1_Channel4_IRQHandler</a> from startup_stm32f302x8.o(.text) referenced from startup_stm32f302x8.o(RESET)
 <LI><a href="#[2b]">DMA1_Channel5_IRQHandler</a> from startup_stm32f302x8.o(.text) referenced from startup_stm32f302x8.o(RESET)
 <LI><a href="#[2c]">DMA1_Channel6_IRQHandler</a> from startup_stm32f302x8.o(.text) referenced from startup_stm32f302x8.o(RESET)
 <LI><a href="#[2d]">DMA1_Channel7_IRQHandler</a> from startup_stm32f302x8.o(.text) referenced from startup_stm32f302x8.o(RESET)
 <LI><a href="#[19]">DebugMon_Handler</a> from startup_stm32f302x8.o(.text) referenced from startup_stm32f302x8.o(RESET)
 <LI><a href="#[22]">EXTI0_IRQHandler</a> from startup_stm32f302x8.o(.text) referenced from startup_stm32f302x8.o(RESET)
 <LI><a href="#[41]">EXTI15_10_IRQHandler</a> from startup_stm32f302x8.o(.text) referenced from startup_stm32f302x8.o(RESET)
 <LI><a href="#[23]">EXTI1_IRQHandler</a> from startup_stm32f302x8.o(.text) referenced from startup_stm32f302x8.o(RESET)
 <LI><a href="#[24]">EXTI2_TSC_IRQHandler</a> from startup_stm32f302x8.o(.text) referenced from startup_stm32f302x8.o(RESET)
 <LI><a href="#[25]">EXTI3_IRQHandler</a> from startup_stm32f302x8.o(.text) referenced from startup_stm32f302x8.o(RESET)
 <LI><a href="#[26]">EXTI4_IRQHandler</a> from startup_stm32f302x8.o(.text) referenced from startup_stm32f302x8.o(RESET)
 <LI><a href="#[33]">EXTI9_5_IRQHandler</a> from startup_stm32f302x8.o(.text) referenced from startup_stm32f302x8.o(RESET)
 <LI><a href="#[20]">FLASH_IRQHandler</a> from startup_stm32f302x8.o(.text) referenced from startup_stm32f302x8.o(RESET)
 <LI><a href="#[4d]">FPU_IRQHandler</a> from startup_stm32f302x8.o(.text) referenced from startup_stm32f302x8.o(RESET)
 <LI><a href="#[14]">HardFault_Handler</a> from stm32f30x_mc_it.o(i.HardFault_Handler) referenced from startup_stm32f302x8.o(RESET)
 <LI><a href="#[3a]">I2C1_ER_IRQHandler</a> from startup_stm32f302x8.o(.text) referenced from startup_stm32f302x8.o(RESET)
 <LI><a href="#[39]">I2C1_EV_IRQHandler</a> from startup_stm32f302x8.o(.text) referenced from startup_stm32f302x8.o(RESET)
 <LI><a href="#[3c]">I2C2_ER_IRQHandler</a> from startup_stm32f302x8.o(.text) referenced from startup_stm32f302x8.o(RESET)
 <LI><a href="#[3b]">I2C2_EV_IRQHandler</a> from startup_stm32f302x8.o(.text) referenced from startup_stm32f302x8.o(RESET)
 <LI><a href="#[49]">I2C3_ER_IRQHandler</a> from startup_stm32f302x8.o(.text) referenced from startup_stm32f302x8.o(RESET)
 <LI><a href="#[48]">I2C3_EV_IRQHandler</a> from startup_stm32f302x8.o(.text) referenced from startup_stm32f302x8.o(RESET)
 <LI><a href="#[51]">MCP_OnTimeOut</a> from motor_control_protocol.o(i.MCP_OnTimeOut) referenced from motor_control_protocol.o(i.MCP_Init)
 <LI><a href="#[52]">MCP_ReceivedFrame</a> from motor_control_protocol.o(i.MCP_ReceivedFrame) referenced from motor_control_protocol.o(i.MCP_Init)
 <LI><a href="#[53]">MCP_SentFrame</a> from motor_control_protocol.o(i.MCP_SentFrame) referenced from motor_control_protocol.o(i.MCP_Init)
 <LI><a href="#[15]">MemManage_Handler</a> from startup_stm32f302x8.o(.text) referenced from startup_stm32f302x8.o(RESET)
 <LI><a href="#[13]">NMI_Handler</a> from startup_stm32f302x8.o(.text) referenced from startup_stm32f302x8.o(RESET)
 <LI><a href="#[1d]">PVD_IRQHandler</a> from startup_stm32f302x8.o(.text) referenced from startup_stm32f302x8.o(RESET)
 <LI><a href="#[1a]">PendSV_Handler</a> from startup_stm32f302x8.o(.text) referenced from startup_stm32f302x8.o(RESET)
 <LI><a href="#[5]">R1F30X_ADC_SetSamplingTime</a> from r1_f30x_pwm_curr_fdbk.o(i.R1F30X_ADC_SetSamplingTime) referenced 2 times from mc_config.o(.data)
 <LI><a href="#[6]">R1F30X_CalcDutyCycles</a> from r1_f30x_pwm_curr_fdbk.o(i.R1F30X_CalcDutyCycles) referenced 12 times from mc_config.o(.data)
 <LI><a href="#[3]">R1F30X_CurrentReadingCalibration</a> from r1_f30x_pwm_curr_fdbk.o(i.R1F30X_CurrentReadingCalibration) referenced 2 times from mc_config.o(.data)
 <LI><a href="#[7]">R1F30X_ExecRegularConv</a> from r1_f30x_pwm_curr_fdbk.o(i.R1F30X_ExecRegularConv) referenced 2 times from mc_config.o(.data)
 <LI><a href="#[0]">R1F30X_GetPhaseCurrents</a> from r1_f30x_pwm_curr_fdbk.o(i.R1F30X_GetPhaseCurrents) referenced 2 times from mc_config.o(.data)
 <LI><a href="#[0]">R1F30X_GetPhaseCurrents</a> from r1_f30x_pwm_curr_fdbk.o(i.R1F30X_GetPhaseCurrents) referenced from r1_f30x_pwm_curr_fdbk.o(i.R1F30X_CurrentReadingCalibration)
 <LI><a href="#[0]">R1F30X_GetPhaseCurrents</a> from r1_f30x_pwm_curr_fdbk.o(i.R1F30X_GetPhaseCurrents) referenced from r1_f30x_pwm_curr_fdbk.o(i.R1F30X_RLDetectionModeDisable)
 <LI><a href="#[54]">R1F30X_HFCurrentsCalibration</a> from r1_f30x_pwm_curr_fdbk.o(i.R1F30X_HFCurrentsCalibration) referenced from r1_f30x_pwm_curr_fdbk.o(i.R1F30X_CurrentReadingCalibration)
 <LI><a href="#[8]">R1F30X_IsOverCurrentOccurred</a> from r1_f30x_pwm_curr_fdbk.o(i.R1F30X_IsOverCurrentOccurred) referenced 2 times from mc_config.o(.data)
 <LI><a href="#[a]">R1F30X_RLDetectionModeDisable</a> from r1_f30x_pwm_curr_fdbk.o(i.R1F30X_RLDetectionModeDisable) referenced 2 times from mc_config.o(.data)
 <LI><a href="#[9]">R1F30X_RLDetectionModeEnable</a> from r1_f30x_pwm_curr_fdbk.o(i.R1F30X_RLDetectionModeEnable) referenced 2 times from mc_config.o(.data)
 <LI><a href="#[b]">R1F30X_RLDetectionModeSetDuty</a> from r1_f30x_pwm_curr_fdbk.o(i.R1F30X_RLDetectionModeSetDuty) referenced 2 times from mc_config.o(.data)
 <LI><a href="#[55]">R1F30X_RLGetPhaseCurrents</a> from r1_f30x_pwm_curr_fdbk.o(i.R1F30X_RLGetPhaseCurrents) referenced from r1_f30x_pwm_curr_fdbk.o(i.R1F30X_RLDetectionModeEnable)
 <LI><a href="#[58]">R1F30X_RLSwitchOffPWM</a> from r1_f30x_pwm_curr_fdbk.o(i.R1F30X_RLSwitchOffPWM) referenced from r1_f30x_pwm_curr_fdbk.o(i.R1F30X_RLDetectionModeEnable)
 <LI><a href="#[57]">R1F30X_RLSwitchOnPWM</a> from r1_f30x_pwm_curr_fdbk.o(i.R1F30X_RLSwitchOnPWM) referenced from r1_f30x_pwm_curr_fdbk.o(i.R1F30X_RLDetectionModeEnable)
 <LI><a href="#[56]">R1F30X_RLTurnOnLowSides</a> from r1_f30x_pwm_curr_fdbk.o(i.R1F30X_RLTurnOnLowSides) referenced from r1_f30x_pwm_curr_fdbk.o(i.R1F30X_RLDetectionModeEnable)
 <LI><a href="#[1]">R1F30X_SwitchOffPWM</a> from r1_f30x_pwm_curr_fdbk.o(i.R1F30X_SwitchOffPWM) referenced 2 times from mc_config.o(.data)
 <LI><a href="#[1]">R1F30X_SwitchOffPWM</a> from r1_f30x_pwm_curr_fdbk.o(i.R1F30X_SwitchOffPWM) referenced from r1_f30x_pwm_curr_fdbk.o(i.R1F30X_RLDetectionModeDisable)
 <LI><a href="#[2]">R1F30X_SwitchOnPWM</a> from r1_f30x_pwm_curr_fdbk.o(i.R1F30X_SwitchOnPWM) referenced 2 times from mc_config.o(.data)
 <LI><a href="#[2]">R1F30X_SwitchOnPWM</a> from r1_f30x_pwm_curr_fdbk.o(i.R1F30X_SwitchOnPWM) referenced from r1_f30x_pwm_curr_fdbk.o(i.R1F30X_RLDetectionModeDisable)
 <LI><a href="#[4]">R1F30X_TurnOnLowSides</a> from r1_f30x_pwm_curr_fdbk.o(i.R1F30X_TurnOnLowSides) referenced 2 times from mc_config.o(.data)
 <LI><a href="#[4]">R1F30X_TurnOnLowSides</a> from r1_f30x_pwm_curr_fdbk.o(i.R1F30X_TurnOnLowSides) referenced from r1_f30x_pwm_curr_fdbk.o(i.R1F30X_RLDetectionModeDisable)
 <LI><a href="#[21]">RCC_IRQHandler</a> from startup_stm32f302x8.o(.text) referenced from startup_stm32f302x8.o(RESET)
 <LI><a href="#[42]">RTC_Alarm_IRQHandler</a> from startup_stm32f302x8.o(.text) referenced from startup_stm32f302x8.o(RESET)
 <LI><a href="#[1f]">RTC_WKUP_IRQHandler</a> from startup_stm32f302x8.o(.text) referenced from startup_stm32f302x8.o(RESET)
 <LI><a href="#[12]">Reset_Handler</a> from startup_stm32f302x8.o(.text) referenced from startup_stm32f302x8.o(RESET)
 <LI><a href="#[3d]">SPI2_IRQHandler</a> from startup_stm32f302x8.o(.text) referenced from startup_stm32f302x8.o(RESET)
 <LI><a href="#[44]">SPI3_IRQHandler</a> from startup_stm32f302x8.o(.text) referenced from startup_stm32f302x8.o(RESET)
 <LI><a href="#[18]">SVC_Handler</a> from startup_stm32f302x8.o(.text) referenced from startup_stm32f302x8.o(RESET)
 <LI><a href="#[1b]">SysTick_Handler</a> from stm32f30x_mc_it.o(i.SysTick_Handler) referenced from startup_stm32f302x8.o(RESET)
 <LI><a href="#[4f]">SystemInit</a> from system_stm32f3xx.o(i.SystemInit) referenced from startup_stm32f302x8.o(.text)
 <LI><a href="#[1e]">TAMP_STAMP_IRQHandler</a> from startup_stm32f302x8.o(.text) referenced from startup_stm32f302x8.o(RESET)
 <LI><a href="#[34]">TIM1_BRK_TIM15_IRQHandler</a> from stm32f30x_mc_it.o(i.TIM1_BRK_TIM15_IRQHandler) referenced from startup_stm32f302x8.o(RESET)
 <LI><a href="#[37]">TIM1_CC_IRQHandler</a> from startup_stm32f302x8.o(.text) referenced from startup_stm32f302x8.o(RESET)
 <LI><a href="#[36]">TIM1_TRG_COM_TIM17_IRQHandler</a> from startup_stm32f302x8.o(.text) referenced from startup_stm32f302x8.o(RESET)
 <LI><a href="#[35]">TIM1_UP_TIM16_IRQHandler</a> from stm32f30x_mc_it.o(i.TIM1_UP_TIM16_IRQHandler) referenced from startup_stm32f302x8.o(RESET)
 <LI><a href="#[38]">TIM2_IRQHandler</a> from startup_stm32f302x8.o(.text) referenced from startup_stm32f302x8.o(RESET)
 <LI><a href="#[45]">TIM6_DAC_IRQHandler</a> from startup_stm32f302x8.o(.text) referenced from startup_stm32f302x8.o(RESET)
 <LI><a href="#[59]">UFCP_AbortReceive</a> from usart_frame_communication_protocol.o(i.UFCP_AbortReceive) referenced from ui_task.o(i.UI_TaskInit)
 <LI><a href="#[5a]">UFCP_Receive</a> from usart_frame_communication_protocol.o(i.UFCP_Receive) referenced from ui_task.o(i.UI_TaskInit)
 <LI><a href="#[5b]">UFCP_Send</a> from usart_frame_communication_protocol.o(i.UFCP_Send) referenced from ui_task.o(i.UI_TaskInit)
 <LI><a href="#[3e]">USART1_IRQHandler</a> from startup_stm32f302x8.o(.text) referenced from startup_stm32f302x8.o(RESET)
 <LI><a href="#[3f]">USART2_IRQHandler</a> from stm32f30x_mc_it.o(i.USART2_IRQHandler) referenced from startup_stm32f302x8.o(RESET)
 <LI><a href="#[40]">USART3_IRQHandler</a> from startup_stm32f302x8.o(.text) referenced from startup_stm32f302x8.o(RESET)
 <LI><a href="#[43]">USBWakeUp_IRQHandler</a> from startup_stm32f302x8.o(.text) referenced from startup_stm32f302x8.o(RESET)
 <LI><a href="#[4c]">USBWakeUp_RMP_IRQHandler</a> from startup_stm32f302x8.o(.text) referenced from startup_stm32f302x8.o(RESET)
 <LI><a href="#[2f]">USB_HP_CAN_TX_IRQHandler</a> from startup_stm32f302x8.o(.text) referenced from startup_stm32f302x8.o(RESET)
 <LI><a href="#[4a]">USB_HP_IRQHandler</a> from startup_stm32f302x8.o(.text) referenced from startup_stm32f302x8.o(RESET)
 <LI><a href="#[30]">USB_LP_CAN_RX0_IRQHandler</a> from startup_stm32f302x8.o(.text) referenced from startup_stm32f302x8.o(RESET)
 <LI><a href="#[4b]">USB_LP_IRQHandler</a> from startup_stm32f302x8.o(.text) referenced from startup_stm32f302x8.o(RESET)
 <LI><a href="#[17]">UsageFault_Handler</a> from startup_stm32f302x8.o(.text) referenced from startup_stm32f302x8.o(RESET)
 <LI><a href="#[1c]">WWDG_IRQHandler</a> from startup_stm32f302x8.o(.text) referenced from startup_stm32f302x8.o(RESET)
 <LI><a href="#[50]">__main</a> from entry.o(.ARM.Collect$$$$00000000) referenced from startup_stm32f302x8.o(.text)
 <LI><a href="#[4e]">main</a> from main.o(i.main) referenced from entry9a.o(.ARM.Collect$$$$0000000B)
</UL>
<P>
<H3>
Global Symbols
</H3>
<P><STRONG><a name="[50]"></a>__main</STRONG> (Thumb, 0 bytes, Stack size unknown bytes, entry.o(.ARM.Collect$$$$00000000))
<BR>[Address Reference Count : 1]<UL><LI> startup_stm32f302x8.o(.text)
</UL>
<P><STRONG><a name="[141]"></a>_main_stk</STRONG> (Thumb, 0 bytes, Stack size unknown bytes, entry2.o(.ARM.Collect$$$$00000001))

<P><STRONG><a name="[5c]"></a>_main_scatterload</STRONG> (Thumb, 0 bytes, Stack size unknown bytes, entry5.o(.ARM.Collect$$$$00000004))
<BR><BR>[Calls]<UL><LI><a href="#[5d]">&gt;&gt;</a>&nbsp;&nbsp;&nbsp;__scatterload
</UL>

<P><STRONG><a name="[61]"></a>__main_after_scatterload</STRONG> (Thumb, 0 bytes, Stack size unknown bytes, entry5.o(.ARM.Collect$$$$00000004))
<BR><BR>[Called By]<UL><LI><a href="#[5d]">&gt;&gt;</a>&nbsp;&nbsp;&nbsp;__scatterload
</UL>

<P><STRONG><a name="[142]"></a>_main_clock</STRONG> (Thumb, 0 bytes, Stack size unknown bytes, entry7b.o(.ARM.Collect$$$$00000008))

<P><STRONG><a name="[143]"></a>_main_cpp_init</STRONG> (Thumb, 0 bytes, Stack size unknown bytes, entry8b.o(.ARM.Collect$$$$0000000A))

<P><STRONG><a name="[144]"></a>_main_init</STRONG> (Thumb, 0 bytes, Stack size unknown bytes, entry9a.o(.ARM.Collect$$$$0000000B))

<P><STRONG><a name="[145]"></a>__rt_final_cpp</STRONG> (Thumb, 0 bytes, Stack size unknown bytes, entry10a.o(.ARM.Collect$$$$0000000D))

<P><STRONG><a name="[146]"></a>__rt_final_exit</STRONG> (Thumb, 0 bytes, Stack size unknown bytes, entry11a.o(.ARM.Collect$$$$0000000F))

<P><STRONG><a name="[12]"></a>Reset_Handler</STRONG> (Thumb, 8 bytes, Stack size 0 bytes, startup_stm32f302x8.o(.text))
<BR>[Address Reference Count : 1]<UL><LI> startup_stm32f302x8.o(RESET)
</UL>
<P><STRONG><a name="[13]"></a>NMI_Handler</STRONG> (Thumb, 2 bytes, Stack size 0 bytes, startup_stm32f302x8.o(.text))
<BR><BR>[Calls]<UL><LI><a href="#[13]">&gt;&gt;</a>&nbsp;&nbsp;&nbsp;NMI_Handler
</UL>
<BR>[Called By]<UL><LI><a href="#[13]">&gt;&gt;</a>&nbsp;&nbsp;&nbsp;NMI_Handler
</UL>
<BR>[Address Reference Count : 1]<UL><LI> startup_stm32f302x8.o(RESET)
</UL>
<P><STRONG><a name="[15]"></a>MemManage_Handler</STRONG> (Thumb, 2 bytes, Stack size 0 bytes, startup_stm32f302x8.o(.text))
<BR><BR>[Calls]<UL><LI><a href="#[15]">&gt;&gt;</a>&nbsp;&nbsp;&nbsp;MemManage_Handler
</UL>
<BR>[Called By]<UL><LI><a href="#[15]">&gt;&gt;</a>&nbsp;&nbsp;&nbsp;MemManage_Handler
</UL>
<BR>[Address Reference Count : 1]<UL><LI> startup_stm32f302x8.o(RESET)
</UL>
<P><STRONG><a name="[16]"></a>BusFault_Handler</STRONG> (Thumb, 2 bytes, Stack size 0 bytes, startup_stm32f302x8.o(.text))
<BR><BR>[Calls]<UL><LI><a href="#[16]">&gt;&gt;</a>&nbsp;&nbsp;&nbsp;BusFault_Handler
</UL>
<BR>[Called By]<UL><LI><a href="#[16]">&gt;&gt;</a>&nbsp;&nbsp;&nbsp;BusFault_Handler
</UL>
<BR>[Address Reference Count : 1]<UL><LI> startup_stm32f302x8.o(RESET)
</UL>
<P><STRONG><a name="[17]"></a>UsageFault_Handler</STRONG> (Thumb, 2 bytes, Stack size 0 bytes, startup_stm32f302x8.o(.text))
<BR><BR>[Calls]<UL><LI><a href="#[17]">&gt;&gt;</a>&nbsp;&nbsp;&nbsp;UsageFault_Handler
</UL>
<BR>[Called By]<UL><LI><a href="#[17]">&gt;&gt;</a>&nbsp;&nbsp;&nbsp;UsageFault_Handler
</UL>
<BR>[Address Reference Count : 1]<UL><LI> startup_stm32f302x8.o(RESET)
</UL>
<P><STRONG><a name="[18]"></a>SVC_Handler</STRONG> (Thumb, 2 bytes, Stack size 0 bytes, startup_stm32f302x8.o(.text))
<BR><BR>[Calls]<UL><LI><a href="#[18]">&gt;&gt;</a>&nbsp;&nbsp;&nbsp;SVC_Handler
</UL>
<BR>[Called By]<UL><LI><a href="#[18]">&gt;&gt;</a>&nbsp;&nbsp;&nbsp;SVC_Handler
</UL>
<BR>[Address Reference Count : 1]<UL><LI> startup_stm32f302x8.o(RESET)
</UL>
<P><STRONG><a name="[19]"></a>DebugMon_Handler</STRONG> (Thumb, 2 bytes, Stack size 0 bytes, startup_stm32f302x8.o(.text))
<BR><BR>[Calls]<UL><LI><a href="#[19]">&gt;&gt;</a>&nbsp;&nbsp;&nbsp;DebugMon_Handler
</UL>
<BR>[Called By]<UL><LI><a href="#[19]">&gt;&gt;</a>&nbsp;&nbsp;&nbsp;DebugMon_Handler
</UL>
<BR>[Address Reference Count : 1]<UL><LI> startup_stm32f302x8.o(RESET)
</UL>
<P><STRONG><a name="[1a]"></a>PendSV_Handler</STRONG> (Thumb, 2 bytes, Stack size 0 bytes, startup_stm32f302x8.o(.text))
<BR><BR>[Calls]<UL><LI><a href="#[1a]">&gt;&gt;</a>&nbsp;&nbsp;&nbsp;PendSV_Handler
</UL>
<BR>[Called By]<UL><LI><a href="#[1a]">&gt;&gt;</a>&nbsp;&nbsp;&nbsp;PendSV_Handler
</UL>
<BR>[Address Reference Count : 1]<UL><LI> startup_stm32f302x8.o(RESET)
</UL>
<P><STRONG><a name="[31]"></a>CAN_RX1_IRQHandler</STRONG> (Thumb, 0 bytes, Stack size 0 bytes, startup_stm32f302x8.o(.text))
<BR><BR>[Calls]<UL><LI><a href="#[31]">&gt;&gt;</a>&nbsp;&nbsp;&nbsp;CAN_RX1_IRQHandler
</UL>
<BR>[Called By]<UL><LI><a href="#[31]">&gt;&gt;</a>&nbsp;&nbsp;&nbsp;CAN_RX1_IRQHandler
</UL>
<BR>[Address Reference Count : 1]<UL><LI> startup_stm32f302x8.o(RESET)
</UL>
<P><STRONG><a name="[32]"></a>CAN_SCE_IRQHandler</STRONG> (Thumb, 0 bytes, Stack size 0 bytes, startup_stm32f302x8.o(.text))
<BR>[Address Reference Count : 1]<UL><LI> startup_stm32f302x8.o(RESET)
</UL>
<P><STRONG><a name="[46]"></a>COMP2_IRQHandler</STRONG> (Thumb, 0 bytes, Stack size 0 bytes, startup_stm32f302x8.o(.text))
<BR>[Address Reference Count : 1]<UL><LI> startup_stm32f302x8.o(RESET)
</UL>
<P><STRONG><a name="[47]"></a>COMP4_6_IRQHandler</STRONG> (Thumb, 0 bytes, Stack size 0 bytes, startup_stm32f302x8.o(.text))
<BR>[Address Reference Count : 1]<UL><LI> startup_stm32f302x8.o(RESET)
</UL>
<P><STRONG><a name="[27]"></a>DMA1_Channel1_IRQHandler</STRONG> (Thumb, 0 bytes, Stack size 0 bytes, startup_stm32f302x8.o(.text))
<BR>[Address Reference Count : 1]<UL><LI> startup_stm32f302x8.o(RESET)
</UL>
<P><STRONG><a name="[28]"></a>DMA1_Channel2_IRQHandler</STRONG> (Thumb, 0 bytes, Stack size 0 bytes, startup_stm32f302x8.o(.text))
<BR>[Address Reference Count : 1]<UL><LI> startup_stm32f302x8.o(RESET)
</UL>
<P><STRONG><a name="[29]"></a>DMA1_Channel3_IRQHandler</STRONG> (Thumb, 0 bytes, Stack size 0 bytes, startup_stm32f302x8.o(.text))
<BR>[Address Reference Count : 1]<UL><LI> startup_stm32f302x8.o(RESET)
</UL>
<P><STRONG><a name="[2a]"></a>DMA1_Channel4_IRQHandler</STRONG> (Thumb, 0 bytes, Stack size 0 bytes, startup_stm32f302x8.o(.text))
<BR>[Address Reference Count : 1]<UL><LI> startup_stm32f302x8.o(RESET)
</UL>
<P><STRONG><a name="[2b]"></a>DMA1_Channel5_IRQHandler</STRONG> (Thumb, 0 bytes, Stack size 0 bytes, startup_stm32f302x8.o(.text))
<BR>[Address Reference Count : 1]<UL><LI> startup_stm32f302x8.o(RESET)
</UL>
<P><STRONG><a name="[2c]"></a>DMA1_Channel6_IRQHandler</STRONG> (Thumb, 0 bytes, Stack size 0 bytes, startup_stm32f302x8.o(.text))
<BR>[Address Reference Count : 1]<UL><LI> startup_stm32f302x8.o(RESET)
</UL>
<P><STRONG><a name="[2d]"></a>DMA1_Channel7_IRQHandler</STRONG> (Thumb, 0 bytes, Stack size 0 bytes, startup_stm32f302x8.o(.text))
<BR>[Address Reference Count : 1]<UL><LI> startup_stm32f302x8.o(RESET)
</UL>
<P><STRONG><a name="[22]"></a>EXTI0_IRQHandler</STRONG> (Thumb, 0 bytes, Stack size 0 bytes, startup_stm32f302x8.o(.text))
<BR>[Address Reference Count : 1]<UL><LI> startup_stm32f302x8.o(RESET)
</UL>
<P><STRONG><a name="[41]"></a>EXTI15_10_IRQHandler</STRONG> (Thumb, 0 bytes, Stack size 0 bytes, startup_stm32f302x8.o(.text))
<BR>[Address Reference Count : 1]<UL><LI> startup_stm32f302x8.o(RESET)
</UL>
<P><STRONG><a name="[23]"></a>EXTI1_IRQHandler</STRONG> (Thumb, 0 bytes, Stack size 0 bytes, startup_stm32f302x8.o(.text))
<BR>[Address Reference Count : 1]<UL><LI> startup_stm32f302x8.o(RESET)
</UL>
<P><STRONG><a name="[24]"></a>EXTI2_TSC_IRQHandler</STRONG> (Thumb, 0 bytes, Stack size 0 bytes, startup_stm32f302x8.o(.text))
<BR>[Address Reference Count : 1]<UL><LI> startup_stm32f302x8.o(RESET)
</UL>
<P><STRONG><a name="[25]"></a>EXTI3_IRQHandler</STRONG> (Thumb, 0 bytes, Stack size 0 bytes, startup_stm32f302x8.o(.text))
<BR>[Address Reference Count : 1]<UL><LI> startup_stm32f302x8.o(RESET)
</UL>
<P><STRONG><a name="[26]"></a>EXTI4_IRQHandler</STRONG> (Thumb, 0 bytes, Stack size 0 bytes, startup_stm32f302x8.o(.text))
<BR>[Address Reference Count : 1]<UL><LI> startup_stm32f302x8.o(RESET)
</UL>
<P><STRONG><a name="[33]"></a>EXTI9_5_IRQHandler</STRONG> (Thumb, 0 bytes, Stack size 0 bytes, startup_stm32f302x8.o(.text))
<BR>[Address Reference Count : 1]<UL><LI> startup_stm32f302x8.o(RESET)
</UL>
<P><STRONG><a name="[20]"></a>FLASH_IRQHandler</STRONG> (Thumb, 0 bytes, Stack size 0 bytes, startup_stm32f302x8.o(.text))
<BR>[Address Reference Count : 1]<UL><LI> startup_stm32f302x8.o(RESET)
</UL>
<P><STRONG><a name="[4d]"></a>FPU_IRQHandler</STRONG> (Thumb, 0 bytes, Stack size 0 bytes, startup_stm32f302x8.o(.text))
<BR>[Address Reference Count : 1]<UL><LI> startup_stm32f302x8.o(RESET)
</UL>
<P><STRONG><a name="[3a]"></a>I2C1_ER_IRQHandler</STRONG> (Thumb, 0 bytes, Stack size 0 bytes, startup_stm32f302x8.o(.text))
<BR>[Address Reference Count : 1]<UL><LI> startup_stm32f302x8.o(RESET)
</UL>
<P><STRONG><a name="[39]"></a>I2C1_EV_IRQHandler</STRONG> (Thumb, 0 bytes, Stack size 0 bytes, startup_stm32f302x8.o(.text))
<BR>[Address Reference Count : 1]<UL><LI> startup_stm32f302x8.o(RESET)
</UL>
<P><STRONG><a name="[3c]"></a>I2C2_ER_IRQHandler</STRONG> (Thumb, 0 bytes, Stack size 0 bytes, startup_stm32f302x8.o(.text))
<BR>[Address Reference Count : 1]<UL><LI> startup_stm32f302x8.o(RESET)
</UL>
<P><STRONG><a name="[3b]"></a>I2C2_EV_IRQHandler</STRONG> (Thumb, 0 bytes, Stack size 0 bytes, startup_stm32f302x8.o(.text))
<BR>[Address Reference Count : 1]<UL><LI> startup_stm32f302x8.o(RESET)
</UL>
<P><STRONG><a name="[49]"></a>I2C3_ER_IRQHandler</STRONG> (Thumb, 0 bytes, Stack size 0 bytes, startup_stm32f302x8.o(.text))
<BR>[Address Reference Count : 1]<UL><LI> startup_stm32f302x8.o(RESET)
</UL>
<P><STRONG><a name="[48]"></a>I2C3_EV_IRQHandler</STRONG> (Thumb, 0 bytes, Stack size 0 bytes, startup_stm32f302x8.o(.text))
<BR>[Address Reference Count : 1]<UL><LI> startup_stm32f302x8.o(RESET)
</UL>
<P><STRONG><a name="[1d]"></a>PVD_IRQHandler</STRONG> (Thumb, 0 bytes, Stack size 0 bytes, startup_stm32f302x8.o(.text))
<BR>[Address Reference Count : 1]<UL><LI> startup_stm32f302x8.o(RESET)
</UL>
<P><STRONG><a name="[21]"></a>RCC_IRQHandler</STRONG> (Thumb, 0 bytes, Stack size 0 bytes, startup_stm32f302x8.o(.text))
<BR>[Address Reference Count : 1]<UL><LI> startup_stm32f302x8.o(RESET)
</UL>
<P><STRONG><a name="[42]"></a>RTC_Alarm_IRQHandler</STRONG> (Thumb, 0 bytes, Stack size 0 bytes, startup_stm32f302x8.o(.text))
<BR>[Address Reference Count : 1]<UL><LI> startup_stm32f302x8.o(RESET)
</UL>
<P><STRONG><a name="[1f]"></a>RTC_WKUP_IRQHandler</STRONG> (Thumb, 0 bytes, Stack size 0 bytes, startup_stm32f302x8.o(.text))
<BR>[Address Reference Count : 1]<UL><LI> startup_stm32f302x8.o(RESET)
</UL>
<P><STRONG><a name="[3d]"></a>SPI2_IRQHandler</STRONG> (Thumb, 0 bytes, Stack size 0 bytes, startup_stm32f302x8.o(.text))
<BR>[Address Reference Count : 1]<UL><LI> startup_stm32f302x8.o(RESET)
</UL>
<P><STRONG><a name="[44]"></a>SPI3_IRQHandler</STRONG> (Thumb, 0 bytes, Stack size 0 bytes, startup_stm32f302x8.o(.text))
<BR>[Address Reference Count : 1]<UL><LI> startup_stm32f302x8.o(RESET)
</UL>
<P><STRONG><a name="[1e]"></a>TAMP_STAMP_IRQHandler</STRONG> (Thumb, 0 bytes, Stack size 0 bytes, startup_stm32f302x8.o(.text))
<BR>[Address Reference Count : 1]<UL><LI> startup_stm32f302x8.o(RESET)
</UL>
<P><STRONG><a name="[37]"></a>TIM1_CC_IRQHandler</STRONG> (Thumb, 0 bytes, Stack size 0 bytes, startup_stm32f302x8.o(.text))
<BR>[Address Reference Count : 1]<UL><LI> startup_stm32f302x8.o(RESET)
</UL>
<P><STRONG><a name="[36]"></a>TIM1_TRG_COM_TIM17_IRQHandler</STRONG> (Thumb, 0 bytes, Stack size 0 bytes, startup_stm32f302x8.o(.text))
<BR>[Address Reference Count : 1]<UL><LI> startup_stm32f302x8.o(RESET)
</UL>
<P><STRONG><a name="[38]"></a>TIM2_IRQHandler</STRONG> (Thumb, 0 bytes, Stack size 0 bytes, startup_stm32f302x8.o(.text))
<BR>[Address Reference Count : 1]<UL><LI> startup_stm32f302x8.o(RESET)
</UL>
<P><STRONG><a name="[45]"></a>TIM6_DAC_IRQHandler</STRONG> (Thumb, 0 bytes, Stack size 0 bytes, startup_stm32f302x8.o(.text))
<BR>[Address Reference Count : 1]<UL><LI> startup_stm32f302x8.o(RESET)
</UL>
<P><STRONG><a name="[3e]"></a>USART1_IRQHandler</STRONG> (Thumb, 0 bytes, Stack size 0 bytes, startup_stm32f302x8.o(.text))
<BR>[Address Reference Count : 1]<UL><LI> startup_stm32f302x8.o(RESET)
</UL>
<P><STRONG><a name="[40]"></a>USART3_IRQHandler</STRONG> (Thumb, 0 bytes, Stack size 0 bytes, startup_stm32f302x8.o(.text))
<BR>[Address Reference Count : 1]<UL><LI> startup_stm32f302x8.o(RESET)
</UL>
<P><STRONG><a name="[43]"></a>USBWakeUp_IRQHandler</STRONG> (Thumb, 0 bytes, Stack size 0 bytes, startup_stm32f302x8.o(.text))
<BR>[Address Reference Count : 1]<UL><LI> startup_stm32f302x8.o(RESET)
</UL>
<P><STRONG><a name="[4c]"></a>USBWakeUp_RMP_IRQHandler</STRONG> (Thumb, 0 bytes, Stack size 0 bytes, startup_stm32f302x8.o(.text))
<BR>[Address Reference Count : 1]<UL><LI> startup_stm32f302x8.o(RESET)
</UL>
<P><STRONG><a name="[2f]"></a>USB_HP_CAN_TX_IRQHandler</STRONG> (Thumb, 0 bytes, Stack size 0 bytes, startup_stm32f302x8.o(.text))
<BR>[Address Reference Count : 1]<UL><LI> startup_stm32f302x8.o(RESET)
</UL>
<P><STRONG><a name="[4a]"></a>USB_HP_IRQHandler</STRONG> (Thumb, 0 bytes, Stack size 0 bytes, startup_stm32f302x8.o(.text))
<BR>[Address Reference Count : 1]<UL><LI> startup_stm32f302x8.o(RESET)
</UL>
<P><STRONG><a name="[30]"></a>USB_LP_CAN_RX0_IRQHandler</STRONG> (Thumb, 0 bytes, Stack size 0 bytes, startup_stm32f302x8.o(.text))
<BR>[Address Reference Count : 1]<UL><LI> startup_stm32f302x8.o(RESET)
</UL>
<P><STRONG><a name="[4b]"></a>USB_LP_IRQHandler</STRONG> (Thumb, 0 bytes, Stack size 0 bytes, startup_stm32f302x8.o(.text))
<BR>[Address Reference Count : 1]<UL><LI> startup_stm32f302x8.o(RESET)
</UL>
<P><STRONG><a name="[1c]"></a>WWDG_IRQHandler</STRONG> (Thumb, 0 bytes, Stack size 0 bytes, startup_stm32f302x8.o(.text))
<BR>[Address Reference Count : 1]<UL><LI> startup_stm32f302x8.o(RESET)
</UL>
<P><STRONG><a name="[5f]"></a>__aeabi_memset</STRONG> (Thumb, 14 bytes, Stack size 0 bytes, memseta.o(.text))
<BR><BR>[Called By]<UL><LI><a href="#[60]">&gt;&gt;</a>&nbsp;&nbsp;&nbsp;_memset$wrapper
<LI><a href="#[5e]">&gt;&gt;</a>&nbsp;&nbsp;&nbsp;__aeabi_memclr
</UL>

<P><STRONG><a name="[147]"></a>__aeabi_memset4</STRONG> (Thumb, 0 bytes, Stack size 0 bytes, memseta.o(.text), UNUSED)

<P><STRONG><a name="[148]"></a>__aeabi_memset8</STRONG> (Thumb, 0 bytes, Stack size 0 bytes, memseta.o(.text), UNUSED)

<P><STRONG><a name="[5e]"></a>__aeabi_memclr</STRONG> (Thumb, 4 bytes, Stack size 0 bytes, memseta.o(.text))
<BR><BR>[Calls]<UL><LI><a href="#[5f]">&gt;&gt;</a>&nbsp;&nbsp;&nbsp;__aeabi_memset
</UL>
<BR>[Called By]<UL><LI><a href="#[cb]">&gt;&gt;</a>&nbsp;&nbsp;&nbsp;MPM_Clear
</UL>

<P><STRONG><a name="[149]"></a>__aeabi_memclr4</STRONG> (Thumb, 0 bytes, Stack size 0 bytes, memseta.o(.text), UNUSED)

<P><STRONG><a name="[14a]"></a>__aeabi_memclr8</STRONG> (Thumb, 0 bytes, Stack size 0 bytes, memseta.o(.text), UNUSED)

<P><STRONG><a name="[60]"></a>_memset$wrapper</STRONG> (Thumb, 18 bytes, Stack size 8 bytes, memseta.o(.text), UNUSED)
<BR><BR>[Calls]<UL><LI><a href="#[5f]">&gt;&gt;</a>&nbsp;&nbsp;&nbsp;__aeabi_memset
</UL>

<P><STRONG><a name="[5d]"></a>__scatterload</STRONG> (Thumb, 28 bytes, Stack size 0 bytes, init.o(.text))
<BR><BR>[Calls]<UL><LI><a href="#[61]">&gt;&gt;</a>&nbsp;&nbsp;&nbsp;__main_after_scatterload
</UL>
<BR>[Called By]<UL><LI><a href="#[5c]">&gt;&gt;</a>&nbsp;&nbsp;&nbsp;_main_scatterload
</UL>

<P><STRONG><a name="[14b]"></a>__scatterload_rt2</STRONG> (Thumb, 0 bytes, Stack size 0 bytes, init.o(.text), UNUSED)

<P><STRONG><a name="[14c]"></a>__decompress</STRONG> (Thumb, 0 bytes, Stack size unknown bytes, __dczerorl2.o(.text), UNUSED)

<P><STRONG><a name="[14d]"></a>__decompress1</STRONG> (Thumb, 86 bytes, Stack size unknown bytes, __dczerorl2.o(.text), UNUSED)

<P><STRONG><a name="[2e]"></a>ADC1_IRQHandler</STRONG> (Thumb, 22 bytes, Stack size 8 bytes, stm32f30x_mc_it.o(i.ADC1_IRQHandler))
<BR><BR>[Stack]<UL><LI>Max Depth = 212<LI>Call Chain = ADC1_IRQHandler &rArr; TSK_HighFrequencyTask &rArr; STO_CalcElAngle &rArr; PI_Controller
</UL>
<BR>[Calls]<UL><LI><a href="#[63]">&gt;&gt;</a>&nbsp;&nbsp;&nbsp;UI_DACUpdate
<LI><a href="#[62]">&gt;&gt;</a>&nbsp;&nbsp;&nbsp;TSK_HighFrequencyTask
</UL>
<BR>[Address Reference Count : 1]<UL><LI> startup_stm32f302x8.o(RESET)
</UL>
<P><STRONG><a name="[104]"></a>Circle_Limitation</STRONG> (Thumb, 86 bytes, Stack size 4 bytes, circle_limitation.o(i.Circle_Limitation))
<BR><BR>[Stack]<UL><LI>Max Depth = 4<LI>Call Chain = Circle_Limitation
</UL>
<BR>[Called By]<UL><LI><a href="#[62]">&gt;&gt;</a>&nbsp;&nbsp;&nbsp;TSK_HighFrequencyTask
</UL>

<P><STRONG><a name="[11]"></a>DAC_Exec</STRONG> (Thumb, 68 bytes, Stack size 8 bytes, dac_ui.o(i.DAC_Exec))
<BR><BR>[Stack]<UL><LI>Max Depth = 48<LI>Call Chain = DAC_Exec &rArr; UI_GetReg &rArr; STO_GetPLLGains
</UL>
<BR>[Calls]<UL><LI><a href="#[66]">&gt;&gt;</a>&nbsp;&nbsp;&nbsp;UI_GetReg
</UL>
<BR>[Address Reference Count : 1]<UL><LI> mc_config.o(.data)
</UL>
<P><STRONG><a name="[d]"></a>DAC_GetChannelConfig</STRONG> (Thumb, 8 bytes, Stack size 0 bytes, dac_common_ui.o(i.DAC_GetChannelConfig))
<BR>[Address Reference Count : 1]<UL><LI> mc_config.o(.data)
</UL>
<P><STRONG><a name="[f]"></a>DAC_GetUserChannelValue</STRONG> (Thumb, 10 bytes, Stack size 0 bytes, dac_common_ui.o(i.DAC_GetUserChannelValue))
<BR>[Address Reference Count : 1]<UL><LI> mc_config.o(.data)
</UL>
<P><STRONG><a name="[10]"></a>DAC_Init</STRONG> (Thumb, 20 bytes, Stack size 0 bytes, dac_ui.o(i.DAC_Init))
<BR>[Address Reference Count : 1]<UL><LI> mc_config.o(.data)
</UL>
<P><STRONG><a name="[c]"></a>DAC_SetChannelConfig</STRONG> (Thumb, 8 bytes, Stack size 0 bytes, dac_common_ui.o(i.DAC_SetChannelConfig))
<BR>[Address Reference Count : 1]<UL><LI> mc_config.o(.data)
</UL>
<P><STRONG><a name="[e]"></a>DAC_SetUserChannelValue</STRONG> (Thumb, 8 bytes, Stack size 0 bytes, dac_common_ui.o(i.DAC_SetUserChannelValue))
<BR>[Address Reference Count : 1]<UL><LI> mc_config.o(.data)
</UL>
<P><STRONG><a name="[111]"></a>FCP_CalcCRC</STRONG> (Thumb, 42 bytes, Stack size 0 bytes, frame_communication_protocol.o(i.FCP_CalcCRC))
<BR><BR>[Called By]<UL><LI><a href="#[5b]">&gt;&gt;</a>&nbsp;&nbsp;&nbsp;UFCP_Send
<LI><a href="#[93]">&gt;&gt;</a>&nbsp;&nbsp;&nbsp;UFCP_RX_IRQ_Handler
</UL>

<P><STRONG><a name="[110]"></a>FCP_Init</STRONG> (Thumb, 42 bytes, Stack size 0 bytes, frame_communication_protocol.o(i.FCP_Init))
<BR><BR>[Called By]<UL><LI><a href="#[10f]">&gt;&gt;</a>&nbsp;&nbsp;&nbsp;UFCP_Init
</UL>

<P><STRONG><a name="[ad]"></a>FCP_SetClient</STRONG> (Thumb, 14 bytes, Stack size 0 bytes, frame_communication_protocol.o(i.FCP_SetClient))
<BR><BR>[Called By]<UL><LI><a href="#[ac]">&gt;&gt;</a>&nbsp;&nbsp;&nbsp;MCP_Init
</UL>

<P><STRONG><a name="[13a]"></a>HAL_ADCEx_InjectedConfigChannel</STRONG> (Thumb, 1110 bytes, Stack size 116 bytes, stm32f3xx_hal_adc_ex.o(i.HAL_ADCEx_InjectedConfigChannel))
<BR><BR>[Stack]<UL><LI>Max Depth = 116<LI>Call Chain = HAL_ADCEx_InjectedConfigChannel
</UL>
<BR>[Called By]<UL><LI><a href="#[4e]">&gt;&gt;</a>&nbsp;&nbsp;&nbsp;main
</UL>

<P><STRONG><a name="[13b]"></a>HAL_ADC_ConfigChannel</STRONG> (Thumb, 840 bytes, Stack size 116 bytes, stm32f3xx_hal_adc_ex.o(i.HAL_ADC_ConfigChannel))
<BR><BR>[Stack]<UL><LI>Max Depth = 116<LI>Call Chain = HAL_ADC_ConfigChannel
</UL>
<BR>[Called By]<UL><LI><a href="#[4e]">&gt;&gt;</a>&nbsp;&nbsp;&nbsp;main
</UL>

<P><STRONG><a name="[6b]"></a>HAL_ADC_Init</STRONG> (Thumb, 492 bytes, Stack size 112 bytes, stm32f3xx_hal_adc_ex.o(i.HAL_ADC_Init))
<BR><BR>[Stack]<UL><LI>Max Depth = 192<LI>Call Chain = HAL_ADC_Init &rArr; HAL_ADC_MspInit &rArr; HAL_GPIO_Init
</UL>
<BR>[Calls]<UL><LI><a href="#[64]">&gt;&gt;</a>&nbsp;&nbsp;&nbsp;ADC_Disable
<LI><a href="#[6c]">&gt;&gt;</a>&nbsp;&nbsp;&nbsp;HAL_ADC_MspInit
</UL>
<BR>[Called By]<UL><LI><a href="#[4e]">&gt;&gt;</a>&nbsp;&nbsp;&nbsp;main
</UL>

<P><STRONG><a name="[6c]"></a>HAL_ADC_MspInit</STRONG> (Thumb, 76 bytes, Stack size 40 bytes, stm32f3xx_hal_msp.o(i.HAL_ADC_MspInit))
<BR><BR>[Stack]<UL><LI>Max Depth = 80<LI>Call Chain = HAL_ADC_MspInit &rArr; HAL_GPIO_Init
</UL>
<BR>[Calls]<UL><LI><a href="#[6d]">&gt;&gt;</a>&nbsp;&nbsp;&nbsp;HAL_GPIO_Init
</UL>
<BR>[Called By]<UL><LI><a href="#[6b]">&gt;&gt;</a>&nbsp;&nbsp;&nbsp;HAL_ADC_Init
</UL>

<P><STRONG><a name="[13c]"></a>HAL_DAC_ConfigChannel</STRONG> (Thumb, 78 bytes, Stack size 8 bytes, stm32f3xx_hal_dac_ex.o(i.HAL_DAC_ConfigChannel))
<BR><BR>[Stack]<UL><LI>Max Depth = 8<LI>Call Chain = HAL_DAC_ConfigChannel
</UL>
<BR>[Called By]<UL><LI><a href="#[4e]">&gt;&gt;</a>&nbsp;&nbsp;&nbsp;main
</UL>

<P><STRONG><a name="[6e]"></a>HAL_DAC_Init</STRONG> (Thumb, 40 bytes, Stack size 16 bytes, stm32f3xx_hal_dac.o(i.HAL_DAC_Init))
<BR><BR>[Stack]<UL><LI>Max Depth = 88<LI>Call Chain = HAL_DAC_Init &rArr; HAL_DAC_MspInit &rArr; HAL_GPIO_Init
</UL>
<BR>[Calls]<UL><LI><a href="#[6f]">&gt;&gt;</a>&nbsp;&nbsp;&nbsp;HAL_DAC_MspInit
</UL>
<BR>[Called By]<UL><LI><a href="#[4e]">&gt;&gt;</a>&nbsp;&nbsp;&nbsp;main
</UL>

<P><STRONG><a name="[6f]"></a>HAL_DAC_MspInit</STRONG> (Thumb, 64 bytes, Stack size 32 bytes, stm32f3xx_hal_msp.o(i.HAL_DAC_MspInit))
<BR><BR>[Stack]<UL><LI>Max Depth = 72<LI>Call Chain = HAL_DAC_MspInit &rArr; HAL_GPIO_Init
</UL>
<BR>[Calls]<UL><LI><a href="#[6d]">&gt;&gt;</a>&nbsp;&nbsp;&nbsp;HAL_GPIO_Init
</UL>
<BR>[Called By]<UL><LI><a href="#[6e]">&gt;&gt;</a>&nbsp;&nbsp;&nbsp;HAL_DAC_Init
</UL>

<P><STRONG><a name="[7e]"></a>HAL_DMA_Init</STRONG> (Thumb, 114 bytes, Stack size 4 bytes, stm32f3xx_hal_dma.o(i.HAL_DMA_Init))
<BR><BR>[Stack]<UL><LI>Max Depth = 4<LI>Call Chain = HAL_DMA_Init
</UL>
<BR>[Called By]<UL><LI><a href="#[7c]">&gt;&gt;</a>&nbsp;&nbsp;&nbsp;HAL_TIM_Base_MspInit
</UL>

<P><STRONG><a name="[6d]"></a>HAL_GPIO_Init</STRONG> (Thumb, 492 bytes, Stack size 40 bytes, stm32f3xx_hal_gpio.o(i.HAL_GPIO_Init))
<BR><BR>[Stack]<UL><LI>Max Depth = 40<LI>Call Chain = HAL_GPIO_Init
</UL>
<BR>[Called By]<UL><LI><a href="#[80]">&gt;&gt;</a>&nbsp;&nbsp;&nbsp;HAL_TIM_MspPostInit
<LI><a href="#[4e]">&gt;&gt;</a>&nbsp;&nbsp;&nbsp;main
<LI><a href="#[8b]">&gt;&gt;</a>&nbsp;&nbsp;&nbsp;HAL_UART_MspInit
<LI><a href="#[7c]">&gt;&gt;</a>&nbsp;&nbsp;&nbsp;HAL_TIM_Base_MspInit
<LI><a href="#[6f]">&gt;&gt;</a>&nbsp;&nbsp;&nbsp;HAL_DAC_MspInit
<LI><a href="#[6c]">&gt;&gt;</a>&nbsp;&nbsp;&nbsp;HAL_ADC_MspInit
</UL>

<P><STRONG><a name="[140]"></a>HAL_GPIO_LockPin</STRONG> (Thumb, 36 bytes, Stack size 4 bytes, stm32f3xx_hal_gpio.o(i.HAL_GPIO_LockPin))
<BR><BR>[Stack]<UL><LI>Max Depth = 4<LI>Call Chain = HAL_GPIO_LockPin
</UL>
<BR>[Called By]<UL><LI><a href="#[dd]">&gt;&gt;</a>&nbsp;&nbsp;&nbsp;mc_lock_pins
</UL>

<P><STRONG><a name="[139]"></a>HAL_GPIO_WritePin</STRONG> (Thumb, 10 bytes, Stack size 0 bytes, stm32f3xx_hal_gpio.o(i.HAL_GPIO_WritePin))
<BR><BR>[Called By]<UL><LI><a href="#[4e]">&gt;&gt;</a>&nbsp;&nbsp;&nbsp;main
</UL>

<P><STRONG><a name="[65]"></a>HAL_GetTick</STRONG> (Thumb, 6 bytes, Stack size 0 bytes, stm32f3xx_hal.o(i.HAL_GetTick))
<BR><BR>[Called By]<UL><LI><a href="#[78]">&gt;&gt;</a>&nbsp;&nbsp;&nbsp;HAL_RCC_OscConfig
<LI><a href="#[77]">&gt;&gt;</a>&nbsp;&nbsp;&nbsp;HAL_RCC_ClockConfig
<LI><a href="#[76]">&gt;&gt;</a>&nbsp;&nbsp;&nbsp;HAL_RCCEx_PeriphCLKConfig
<LI><a href="#[64]">&gt;&gt;</a>&nbsp;&nbsp;&nbsp;ADC_Disable
<LI><a href="#[10b]">&gt;&gt;</a>&nbsp;&nbsp;&nbsp;UART_WaitOnFlagUntilTimeout
<LI><a href="#[8e]">&gt;&gt;</a>&nbsp;&nbsp;&nbsp;UART_CheckIdleState
</UL>

<P><STRONG><a name="[f8]"></a>HAL_IncTick</STRONG> (Thumb, 12 bytes, Stack size 0 bytes, stm32f3xx_hal.o(i.HAL_IncTick))
<BR><BR>[Called By]<UL><LI><a href="#[1b]">&gt;&gt;</a>&nbsp;&nbsp;&nbsp;SysTick_Handler
</UL>

<P><STRONG><a name="[70]"></a>HAL_Init</STRONG> (Thumb, 32 bytes, Stack size 8 bytes, stm32f3xx_hal.o(i.HAL_Init))
<BR><BR>[Stack]<UL><LI>Max Depth = 28<LI>Call Chain = HAL_Init &rArr; HAL_InitTick &rArr; HAL_NVIC_SetPriority
</UL>
<BR>[Calls]<UL><LI><a href="#[71]">&gt;&gt;</a>&nbsp;&nbsp;&nbsp;HAL_NVIC_SetPriorityGrouping
<LI><a href="#[73]">&gt;&gt;</a>&nbsp;&nbsp;&nbsp;HAL_MspInit
<LI><a href="#[72]">&gt;&gt;</a>&nbsp;&nbsp;&nbsp;HAL_InitTick
</UL>
<BR>[Called By]<UL><LI><a href="#[4e]">&gt;&gt;</a>&nbsp;&nbsp;&nbsp;main
</UL>

<P><STRONG><a name="[72]"></a>HAL_InitTick</STRONG> (Thumb, 54 bytes, Stack size 16 bytes, stm32f3xx_hal.o(i.HAL_InitTick))
<BR><BR>[Stack]<UL><LI>Max Depth = 20<LI>Call Chain = HAL_InitTick &rArr; HAL_NVIC_SetPriority
</UL>
<BR>[Calls]<UL><LI><a href="#[74]">&gt;&gt;</a>&nbsp;&nbsp;&nbsp;HAL_SYSTICK_Config
<LI><a href="#[75]">&gt;&gt;</a>&nbsp;&nbsp;&nbsp;HAL_NVIC_SetPriority
</UL>
<BR>[Called By]<UL><LI><a href="#[77]">&gt;&gt;</a>&nbsp;&nbsp;&nbsp;HAL_RCC_ClockConfig
<LI><a href="#[70]">&gt;&gt;</a>&nbsp;&nbsp;&nbsp;HAL_Init
</UL>

<P><STRONG><a name="[73]"></a>HAL_MspInit</STRONG> (Thumb, 122 bytes, Stack size 8 bytes, stm32f3xx_hal_msp.o(i.HAL_MspInit))
<BR><BR>[Stack]<UL><LI>Max Depth = 12<LI>Call Chain = HAL_MspInit &rArr; HAL_NVIC_SetPriority
</UL>
<BR>[Calls]<UL><LI><a href="#[75]">&gt;&gt;</a>&nbsp;&nbsp;&nbsp;HAL_NVIC_SetPriority
<LI><a href="#[71]">&gt;&gt;</a>&nbsp;&nbsp;&nbsp;HAL_NVIC_SetPriorityGrouping
</UL>
<BR>[Called By]<UL><LI><a href="#[70]">&gt;&gt;</a>&nbsp;&nbsp;&nbsp;HAL_Init
</UL>

<P><STRONG><a name="[13f]"></a>HAL_NVIC_EnableIRQ</STRONG> (Thumb, 24 bytes, Stack size 0 bytes, stm32f3xx_hal_cortex.o(i.HAL_NVIC_EnableIRQ))
<BR><BR>[Called By]<UL><LI><a href="#[4e]">&gt;&gt;</a>&nbsp;&nbsp;&nbsp;main
</UL>

<P><STRONG><a name="[75]"></a>HAL_NVIC_SetPriority</STRONG> (Thumb, 96 bytes, Stack size 4 bytes, stm32f3xx_hal_cortex.o(i.HAL_NVIC_SetPriority))
<BR><BR>[Stack]<UL><LI>Max Depth = 4<LI>Call Chain = HAL_NVIC_SetPriority
</UL>
<BR>[Called By]<UL><LI><a href="#[4e]">&gt;&gt;</a>&nbsp;&nbsp;&nbsp;main
<LI><a href="#[73]">&gt;&gt;</a>&nbsp;&nbsp;&nbsp;HAL_MspInit
<LI><a href="#[72]">&gt;&gt;</a>&nbsp;&nbsp;&nbsp;HAL_InitTick
</UL>

<P><STRONG><a name="[71]"></a>HAL_NVIC_SetPriorityGrouping</STRONG> (Thumb, 30 bytes, Stack size 0 bytes, stm32f3xx_hal_cortex.o(i.HAL_NVIC_SetPriorityGrouping))
<BR><BR>[Called By]<UL><LI><a href="#[70]">&gt;&gt;</a>&nbsp;&nbsp;&nbsp;HAL_Init
<LI><a href="#[73]">&gt;&gt;</a>&nbsp;&nbsp;&nbsp;HAL_MspInit
</UL>

<P><STRONG><a name="[76]"></a>HAL_RCCEx_PeriphCLKConfig</STRONG> (Thumb, 530 bytes, Stack size 40 bytes, stm32f3xx_hal_rcc_ex.o(i.HAL_RCCEx_PeriphCLKConfig))
<BR><BR>[Stack]<UL><LI>Max Depth = 40<LI>Call Chain = HAL_RCCEx_PeriphCLKConfig
</UL>
<BR>[Calls]<UL><LI><a href="#[65]">&gt;&gt;</a>&nbsp;&nbsp;&nbsp;HAL_GetTick
</UL>
<BR>[Called By]<UL><LI><a href="#[4e]">&gt;&gt;</a>&nbsp;&nbsp;&nbsp;main
</UL>

<P><STRONG><a name="[77]"></a>HAL_RCC_ClockConfig</STRONG> (Thumb, 496 bytes, Stack size 32 bytes, stm32f3xx_hal_rcc.o(i.HAL_RCC_ClockConfig))
<BR><BR>[Stack]<UL><LI>Max Depth = 52<LI>Call Chain = HAL_RCC_ClockConfig &rArr; HAL_InitTick &rArr; HAL_NVIC_SetPriority
</UL>
<BR>[Calls]<UL><LI><a href="#[65]">&gt;&gt;</a>&nbsp;&nbsp;&nbsp;HAL_GetTick
<LI><a href="#[72]">&gt;&gt;</a>&nbsp;&nbsp;&nbsp;HAL_InitTick
</UL>
<BR>[Called By]<UL><LI><a href="#[4e]">&gt;&gt;</a>&nbsp;&nbsp;&nbsp;main
</UL>

<P><STRONG><a name="[dc]"></a>HAL_RCC_GetHCLKFreq</STRONG> (Thumb, 6 bytes, Stack size 0 bytes, stm32f3xx_hal_rcc.o(i.HAL_RCC_GetHCLKFreq))
<BR><BR>[Called By]<UL><LI><a href="#[db]">&gt;&gt;</a>&nbsp;&nbsp;&nbsp;MX_MotorControl_Init
<LI><a href="#[4e]">&gt;&gt;</a>&nbsp;&nbsp;&nbsp;main
</UL>

<P><STRONG><a name="[10c]"></a>HAL_RCC_GetPCLK1Freq</STRONG> (Thumb, 34 bytes, Stack size 0 bytes, stm32f3xx_hal_rcc.o(i.HAL_RCC_GetPCLK1Freq))
<BR><BR>[Called By]<UL><LI><a href="#[8c]">&gt;&gt;</a>&nbsp;&nbsp;&nbsp;UART_SetConfig
</UL>

<P><STRONG><a name="[10d]"></a>HAL_RCC_GetPCLK2Freq</STRONG> (Thumb, 34 bytes, Stack size 0 bytes, stm32f3xx_hal_rcc.o(i.HAL_RCC_GetPCLK2Freq))
<BR><BR>[Called By]<UL><LI><a href="#[8c]">&gt;&gt;</a>&nbsp;&nbsp;&nbsp;UART_SetConfig
</UL>

<P><STRONG><a name="[10e]"></a>HAL_RCC_GetSysClockFreq</STRONG> (Thumb, 98 bytes, Stack size 0 bytes, stm32f3xx_hal_rcc.o(i.HAL_RCC_GetSysClockFreq))
<BR><BR>[Called By]<UL><LI><a href="#[8c]">&gt;&gt;</a>&nbsp;&nbsp;&nbsp;UART_SetConfig
</UL>

<P><STRONG><a name="[78]"></a>HAL_RCC_OscConfig</STRONG> (Thumb, 1454 bytes, Stack size 40 bytes, stm32f3xx_hal_rcc.o(i.HAL_RCC_OscConfig))
<BR><BR>[Stack]<UL><LI>Max Depth = 40<LI>Call Chain = HAL_RCC_OscConfig
</UL>
<BR>[Calls]<UL><LI><a href="#[65]">&gt;&gt;</a>&nbsp;&nbsp;&nbsp;HAL_GetTick
</UL>
<BR>[Called By]<UL><LI><a href="#[4e]">&gt;&gt;</a>&nbsp;&nbsp;&nbsp;main
</UL>

<P><STRONG><a name="[138]"></a>HAL_SYSTICK_CLKSourceConfig</STRONG> (Thumb, 22 bytes, Stack size 0 bytes, stm32f3xx_hal_cortex.o(i.HAL_SYSTICK_CLKSourceConfig))
<BR><BR>[Called By]<UL><LI><a href="#[4e]">&gt;&gt;</a>&nbsp;&nbsp;&nbsp;main
</UL>

<P><STRONG><a name="[7a]"></a>HAL_SYSTICK_Callback</STRONG> (Thumb, 2 bytes, Stack size 0 bytes, stm32f3xx_hal_cortex.o(i.HAL_SYSTICK_Callback))
<BR><BR>[Called By]<UL><LI><a href="#[79]">&gt;&gt;</a>&nbsp;&nbsp;&nbsp;HAL_SYSTICK_IRQHandler
</UL>

<P><STRONG><a name="[74]"></a>HAL_SYSTICK_Config</STRONG> (Thumb, 38 bytes, Stack size 0 bytes, stm32f3xx_hal_cortex.o(i.HAL_SYSTICK_Config))
<BR><BR>[Called By]<UL><LI><a href="#[db]">&gt;&gt;</a>&nbsp;&nbsp;&nbsp;MX_MotorControl_Init
<LI><a href="#[4e]">&gt;&gt;</a>&nbsp;&nbsp;&nbsp;main
<LI><a href="#[72]">&gt;&gt;</a>&nbsp;&nbsp;&nbsp;HAL_InitTick
</UL>

<P><STRONG><a name="[79]"></a>HAL_SYSTICK_IRQHandler</STRONG> (Thumb, 8 bytes, Stack size 8 bytes, stm32f3xx_hal_cortex.o(i.HAL_SYSTICK_IRQHandler))
<BR><BR>[Stack]<UL><LI>Max Depth = 8<LI>Call Chain = HAL_SYSTICK_IRQHandler
</UL>
<BR>[Calls]<UL><LI><a href="#[7a]">&gt;&gt;</a>&nbsp;&nbsp;&nbsp;HAL_SYSTICK_Callback
</UL>
<BR>[Called By]<UL><LI><a href="#[1b]">&gt;&gt;</a>&nbsp;&nbsp;&nbsp;SysTick_Handler
</UL>

<P><STRONG><a name="[13e]"></a>HAL_TIMEx_ConfigBreakDeadTime</STRONG> (Thumb, 140 bytes, Stack size 0 bytes, stm32f3xx_hal_tim_ex.o(i.HAL_TIMEx_ConfigBreakDeadTime))
<BR><BR>[Called By]<UL><LI><a href="#[4e]">&gt;&gt;</a>&nbsp;&nbsp;&nbsp;main
</UL>

<P><STRONG><a name="[13d]"></a>HAL_TIMEx_MasterConfigSynchronization</STRONG> (Thumb, 82 bytes, Stack size 4 bytes, stm32f3xx_hal_tim_ex.o(i.HAL_TIMEx_MasterConfigSynchronization))
<BR><BR>[Stack]<UL><LI>Max Depth = 4<LI>Call Chain = HAL_TIMEx_MasterConfigSynchronization
</UL>
<BR>[Called By]<UL><LI><a href="#[4e]">&gt;&gt;</a>&nbsp;&nbsp;&nbsp;main
</UL>

<P><STRONG><a name="[7b]"></a>HAL_TIM_Base_Init</STRONG> (Thumb, 54 bytes, Stack size 8 bytes, stm32f3xx_hal_tim.o(i.HAL_TIM_Base_Init))
<BR><BR>[Stack]<UL><LI>Max Depth = 104<LI>Call Chain = HAL_TIM_Base_Init &rArr; HAL_TIM_Base_MspInit &rArr; HAL_GPIO_Init
</UL>
<BR>[Calls]<UL><LI><a href="#[7c]">&gt;&gt;</a>&nbsp;&nbsp;&nbsp;HAL_TIM_Base_MspInit
<LI><a href="#[7d]">&gt;&gt;</a>&nbsp;&nbsp;&nbsp;TIM_Base_SetConfig
</UL>
<BR>[Called By]<UL><LI><a href="#[4e]">&gt;&gt;</a>&nbsp;&nbsp;&nbsp;main
</UL>

<P><STRONG><a name="[7c]"></a>HAL_TIM_Base_MspInit</STRONG> (Thumb, 188 bytes, Stack size 56 bytes, stm32f3xx_hal_msp.o(i.HAL_TIM_Base_MspInit))
<BR><BR>[Stack]<UL><LI>Max Depth = 96<LI>Call Chain = HAL_TIM_Base_MspInit &rArr; HAL_GPIO_Init
</UL>
<BR>[Calls]<UL><LI><a href="#[6d]">&gt;&gt;</a>&nbsp;&nbsp;&nbsp;HAL_GPIO_Init
<LI><a href="#[7f]">&gt;&gt;</a>&nbsp;&nbsp;&nbsp;_Error_Handler
<LI><a href="#[7e]">&gt;&gt;</a>&nbsp;&nbsp;&nbsp;HAL_DMA_Init
</UL>
<BR>[Called By]<UL><LI><a href="#[7b]">&gt;&gt;</a>&nbsp;&nbsp;&nbsp;HAL_TIM_Base_Init
</UL>

<P><STRONG><a name="[80]"></a>HAL_TIM_MspPostInit</STRONG> (Thumb, 54 bytes, Stack size 24 bytes, stm32f3xx_hal_msp.o(i.HAL_TIM_MspPostInit))
<BR><BR>[Stack]<UL><LI>Max Depth = 64<LI>Call Chain = HAL_TIM_MspPostInit &rArr; HAL_GPIO_Init
</UL>
<BR>[Calls]<UL><LI><a href="#[6d]">&gt;&gt;</a>&nbsp;&nbsp;&nbsp;HAL_GPIO_Init
</UL>
<BR>[Called By]<UL><LI><a href="#[4e]">&gt;&gt;</a>&nbsp;&nbsp;&nbsp;main
</UL>

<P><STRONG><a name="[81]"></a>HAL_TIM_PWM_ConfigChannel</STRONG> (Thumb, 478 bytes, Stack size 32 bytes, stm32f3xx_hal_tim_ex.o(i.HAL_TIM_PWM_ConfigChannel))
<BR><BR>[Stack]<UL><LI>Max Depth = 52<LI>Call Chain = HAL_TIM_PWM_ConfigChannel &rArr; TIM_OC1_SetConfig
</UL>
<BR>[Calls]<UL><LI><a href="#[85]">&gt;&gt;</a>&nbsp;&nbsp;&nbsp;TIM_OC4_SetConfig
<LI><a href="#[84]">&gt;&gt;</a>&nbsp;&nbsp;&nbsp;TIM_OC3_SetConfig
<LI><a href="#[83]">&gt;&gt;</a>&nbsp;&nbsp;&nbsp;TIM_OC2_SetConfig
<LI><a href="#[82]">&gt;&gt;</a>&nbsp;&nbsp;&nbsp;TIM_OC1_SetConfig
</UL>
<BR>[Called By]<UL><LI><a href="#[4e]">&gt;&gt;</a>&nbsp;&nbsp;&nbsp;main
</UL>

<P><STRONG><a name="[86]"></a>HAL_TIM_PWM_Init</STRONG> (Thumb, 54 bytes, Stack size 8 bytes, stm32f3xx_hal_tim.o(i.HAL_TIM_PWM_Init))
<BR><BR>[Stack]<UL><LI>Max Depth = 20<LI>Call Chain = HAL_TIM_PWM_Init &rArr; TIM_Base_SetConfig
</UL>
<BR>[Calls]<UL><LI><a href="#[87]">&gt;&gt;</a>&nbsp;&nbsp;&nbsp;HAL_TIM_PWM_MspInit
<LI><a href="#[7d]">&gt;&gt;</a>&nbsp;&nbsp;&nbsp;TIM_Base_SetConfig
</UL>
<BR>[Called By]<UL><LI><a href="#[4e]">&gt;&gt;</a>&nbsp;&nbsp;&nbsp;main
</UL>

<P><STRONG><a name="[87]"></a>HAL_TIM_PWM_MspInit</STRONG> (Thumb, 2 bytes, Stack size 0 bytes, stm32f3xx_hal_tim.o(i.HAL_TIM_PWM_MspInit))
<BR><BR>[Called By]<UL><LI><a href="#[86]">&gt;&gt;</a>&nbsp;&nbsp;&nbsp;HAL_TIM_PWM_Init
</UL>

<P><STRONG><a name="[88]"></a>HAL_TIM_SlaveConfigSynchronization</STRONG> (Thumb, 66 bytes, Stack size 16 bytes, stm32f3xx_hal_tim.o(i.HAL_TIM_SlaveConfigSynchronization))
<BR><BR>[Stack]<UL><LI>Max Depth = 16<LI>Call Chain = HAL_TIM_SlaveConfigSynchronization
</UL>
<BR>[Calls]<UL><LI><a href="#[89]">&gt;&gt;</a>&nbsp;&nbsp;&nbsp;TIM_SlaveTimer_SetConfig
</UL>
<BR>[Called By]<UL><LI><a href="#[4e]">&gt;&gt;</a>&nbsp;&nbsp;&nbsp;main
</UL>

<P><STRONG><a name="[8a]"></a>HAL_UART_Init</STRONG> (Thumb, 110 bytes, Stack size 8 bytes, stm32f3xx_hal_uart.o(i.HAL_UART_Init))
<BR><BR>[Stack]<UL><LI>Max Depth = 80<LI>Call Chain = HAL_UART_Init &rArr; HAL_UART_MspInit &rArr; HAL_GPIO_Init
</UL>
<BR>[Calls]<UL><LI><a href="#[8b]">&gt;&gt;</a>&nbsp;&nbsp;&nbsp;HAL_UART_MspInit
<LI><a href="#[8c]">&gt;&gt;</a>&nbsp;&nbsp;&nbsp;UART_SetConfig
<LI><a href="#[8e]">&gt;&gt;</a>&nbsp;&nbsp;&nbsp;UART_CheckIdleState
<LI><a href="#[8d]">&gt;&gt;</a>&nbsp;&nbsp;&nbsp;UART_AdvFeatureConfig
</UL>
<BR>[Called By]<UL><LI><a href="#[4e]">&gt;&gt;</a>&nbsp;&nbsp;&nbsp;main
</UL>

<P><STRONG><a name="[8b]"></a>HAL_UART_MspInit</STRONG> (Thumb, 70 bytes, Stack size 32 bytes, stm32f3xx_hal_msp.o(i.HAL_UART_MspInit))
<BR><BR>[Stack]<UL><LI>Max Depth = 72<LI>Call Chain = HAL_UART_MspInit &rArr; HAL_GPIO_Init
</UL>
<BR>[Calls]<UL><LI><a href="#[6d]">&gt;&gt;</a>&nbsp;&nbsp;&nbsp;HAL_GPIO_Init
</UL>
<BR>[Called By]<UL><LI><a href="#[8a]">&gt;&gt;</a>&nbsp;&nbsp;&nbsp;HAL_UART_Init
</UL>

<P><STRONG><a name="[14]"></a>HardFault_Handler</STRONG> (Thumb, 90 bytes, Stack size 0 bytes, stm32f30x_mc_it.o(i.HardFault_Handler))
<BR><BR>[Stack]<UL><LI>Max Depth = 32<LI>Call Chain = HardFault_Handler &rArr; TSK_HardwareFaultTask &rArr; R1F30X_SwitchOffPWM
</UL>
<BR>[Calls]<UL><LI><a href="#[91]">&gt;&gt;</a>&nbsp;&nbsp;&nbsp;UI_SerialCommunicationTimeOutStop
<LI><a href="#[94]">&gt;&gt;</a>&nbsp;&nbsp;&nbsp;UI_SerialCommunicationTimeOutStart
<LI><a href="#[92]">&gt;&gt;</a>&nbsp;&nbsp;&nbsp;UFCP_TX_IRQ_Handler
<LI><a href="#[93]">&gt;&gt;</a>&nbsp;&nbsp;&nbsp;UFCP_RX_IRQ_Handler
<LI><a href="#[90]">&gt;&gt;</a>&nbsp;&nbsp;&nbsp;UFCP_OVR_IRQ_Handler
<LI><a href="#[8f]">&gt;&gt;</a>&nbsp;&nbsp;&nbsp;TSK_HardwareFaultTask
</UL>
<BR>[Address Reference Count : 1]<UL><LI> startup_stm32f302x8.o(RESET)
</UL>
<P><STRONG><a name="[95]"></a>MCI_Clear_Iqdref</STRONG> (Thumb, 16 bytes, Stack size 8 bytes, mc_interface.o(i.MCI_Clear_Iqdref))
<BR><BR>[Stack]<UL><LI>Max Depth = 8<LI>Call Chain = MCI_Clear_Iqdref
</UL>
<BR>[Calls]<UL><LI><a href="#[96]">&gt;&gt;</a>&nbsp;&nbsp;&nbsp;STC_GetDefaultIqdref
</UL>
<BR>[Called By]<UL><LI><a href="#[b1]">&gt;&gt;</a>&nbsp;&nbsp;&nbsp;UI_ExecCmd
</UL>

<P><STRONG><a name="[97]"></a>MCI_EncoderAlign</STRONG> (Thumb, 8 bytes, Stack size 0 bytes, mc_interface.o(i.MCI_EncoderAlign))
<BR><BR>[Calls]<UL><LI><a href="#[98]">&gt;&gt;</a>&nbsp;&nbsp;&nbsp;STM_NextState
</UL>
<BR>[Called By]<UL><LI><a href="#[b1]">&gt;&gt;</a>&nbsp;&nbsp;&nbsp;UI_ExecCmd
</UL>

<P><STRONG><a name="[99]"></a>MCI_ExecBufferedCommands</STRONG> (Thumb, 120 bytes, Stack size 8 bytes, mc_interface.o(i.MCI_ExecBufferedCommands))
<BR><BR>[Stack]<UL><LI>Max Depth = 16<LI>Call Chain = MCI_ExecBufferedCommands &rArr; STC_ExecRamp
</UL>
<BR>[Calls]<UL><LI><a href="#[9a]">&gt;&gt;</a>&nbsp;&nbsp;&nbsp;STC_SetControlMode
<LI><a href="#[9b]">&gt;&gt;</a>&nbsp;&nbsp;&nbsp;STC_ExecRamp
</UL>
<BR>[Called By]<UL><LI><a href="#[b7]">&gt;&gt;</a>&nbsp;&nbsp;&nbsp;MC_Scheduler
</UL>

<P><STRONG><a name="[da]"></a>MCI_ExecSpeedRamp</STRONG> (Thumb, 14 bytes, Stack size 0 bytes, mc_interface.o(i.MCI_ExecSpeedRamp))
<BR><BR>[Called By]<UL><LI><a href="#[ae]">&gt;&gt;</a>&nbsp;&nbsp;&nbsp;UI_SetReg
<LI><a href="#[b2]">&gt;&gt;</a>&nbsp;&nbsp;&nbsp;UI_ExecSpeedRamp
<LI><a href="#[cd]">&gt;&gt;</a>&nbsp;&nbsp;&nbsp;MCboot
</UL>

<P><STRONG><a name="[12f]"></a>MCI_ExecTorqueRamp</STRONG> (Thumb, 18 bytes, Stack size 0 bytes, mc_interface.o(i.MCI_ExecTorqueRamp))
<BR><BR>[Called By]<UL><LI><a href="#[ae]">&gt;&gt;</a>&nbsp;&nbsp;&nbsp;UI_SetReg
</UL>

<P><STRONG><a name="[9c]"></a>MCI_FaultAcknowledged</STRONG> (Thumb, 6 bytes, Stack size 0 bytes, mc_interface.o(i.MCI_FaultAcknowledged))
<BR><BR>[Calls]<UL><LI><a href="#[9d]">&gt;&gt;</a>&nbsp;&nbsp;&nbsp;STM_FaultAcknowledged
</UL>
<BR>[Called By]<UL><LI><a href="#[b1]">&gt;&gt;</a>&nbsp;&nbsp;&nbsp;UI_ExecCmd
</UL>

<P><STRONG><a name="[9e]"></a>MCI_GetAvrgMecSpeed01Hz</STRONG> (Thumb, 16 bytes, Stack size 8 bytes, mc_interface.o(i.MCI_GetAvrgMecSpeed01Hz))
<BR><BR>[Stack]<UL><LI>Max Depth = 8<LI>Call Chain = MCI_GetAvrgMecSpeed01Hz
</UL>
<BR>[Calls]<UL><LI><a href="#[9f]">&gt;&gt;</a>&nbsp;&nbsp;&nbsp;STC_GetSpeedSensor
<LI><a href="#[a0]">&gt;&gt;</a>&nbsp;&nbsp;&nbsp;SPD_GetAvrgMecSpeed01Hz
</UL>
<BR>[Called By]<UL><LI><a href="#[66]">&gt;&gt;</a>&nbsp;&nbsp;&nbsp;UI_GetReg
</UL>

<P><STRONG><a name="[115]"></a>MCI_GetControlMode</STRONG> (Thumb, 4 bytes, Stack size 0 bytes, mc_interface.o(i.MCI_GetControlMode))
<BR><BR>[Called By]<UL><LI><a href="#[66]">&gt;&gt;</a>&nbsp;&nbsp;&nbsp;UI_GetReg
</UL>

<P><STRONG><a name="[11e]"></a>MCI_GetIab</STRONG> (Thumb, 6 bytes, Stack size 0 bytes, mc_interface.o(i.MCI_GetIab))
<BR><BR>[Called By]<UL><LI><a href="#[66]">&gt;&gt;</a>&nbsp;&nbsp;&nbsp;UI_GetReg
</UL>

<P><STRONG><a name="[11f]"></a>MCI_GetIalphabeta</STRONG> (Thumb, 6 bytes, Stack size 0 bytes, mc_interface.o(i.MCI_GetIalphabeta))
<BR><BR>[Called By]<UL><LI><a href="#[66]">&gt;&gt;</a>&nbsp;&nbsp;&nbsp;UI_GetReg
</UL>

<P><STRONG><a name="[bc]"></a>MCI_GetImposedMotorDirection</STRONG> (Thumb, 54 bytes, Stack size 0 bytes, mc_interface.o(i.MCI_GetImposedMotorDirection))
<BR><BR>[Called By]<UL><LI><a href="#[b7]">&gt;&gt;</a>&nbsp;&nbsp;&nbsp;MC_Scheduler
</UL>

<P><STRONG><a name="[11c]"></a>MCI_GetIqd</STRONG> (Thumb, 6 bytes, Stack size 0 bytes, mc_interface.o(i.MCI_GetIqd))
<BR><BR>[Called By]<UL><LI><a href="#[66]">&gt;&gt;</a>&nbsp;&nbsp;&nbsp;UI_GetReg
</UL>

<P><STRONG><a name="[118]"></a>MCI_GetIqdref</STRONG> (Thumb, 6 bytes, Stack size 0 bytes, mc_interface.o(i.MCI_GetIqdref))
<BR><BR>[Called By]<UL><LI><a href="#[ae]">&gt;&gt;</a>&nbsp;&nbsp;&nbsp;UI_SetReg
<LI><a href="#[66]">&gt;&gt;</a>&nbsp;&nbsp;&nbsp;UI_GetReg
</UL>

<P><STRONG><a name="[129]"></a>MCI_GetLastRampFinalSpeed</STRONG> (Thumb, 16 bytes, Stack size 0 bytes, mc_interface.o(i.MCI_GetLastRampFinalSpeed))
<BR><BR>[Called By]<UL><LI><a href="#[66]">&gt;&gt;</a>&nbsp;&nbsp;&nbsp;UI_GetReg
</UL>

<P><STRONG><a name="[a1]"></a>MCI_GetMecSpeedRef01Hz</STRONG> (Thumb, 6 bytes, Stack size 0 bytes, mc_interface.o(i.MCI_GetMecSpeedRef01Hz))
<BR><BR>[Calls]<UL><LI><a href="#[a2]">&gt;&gt;</a>&nbsp;&nbsp;&nbsp;STC_GetMecSpeedRef01Hz
</UL>
<BR>[Called By]<UL><LI><a href="#[ae]">&gt;&gt;</a>&nbsp;&nbsp;&nbsp;UI_SetReg
<LI><a href="#[66]">&gt;&gt;</a>&nbsp;&nbsp;&nbsp;UI_GetReg
</UL>

<P><STRONG><a name="[a3]"></a>MCI_GetSTMState</STRONG> (Thumb, 6 bytes, Stack size 0 bytes, mc_interface.o(i.MCI_GetSTMState))
<BR><BR>[Calls]<UL><LI><a href="#[a4]">&gt;&gt;</a>&nbsp;&nbsp;&nbsp;STM_GetState
</UL>
<BR>[Called By]<UL><LI><a href="#[b1]">&gt;&gt;</a>&nbsp;&nbsp;&nbsp;UI_ExecCmd
</UL>

<P><STRONG><a name="[12e]"></a>MCI_GetTeref</STRONG> (Thumb, 8 bytes, Stack size 0 bytes, mc_interface.o(i.MCI_GetTeref))
<BR><BR>[Called By]<UL><LI><a href="#[ae]">&gt;&gt;</a>&nbsp;&nbsp;&nbsp;UI_SetReg
</UL>

<P><STRONG><a name="[121]"></a>MCI_GetValphabeta</STRONG> (Thumb, 8 bytes, Stack size 0 bytes, mc_interface.o(i.MCI_GetValphabeta))
<BR><BR>[Called By]<UL><LI><a href="#[66]">&gt;&gt;</a>&nbsp;&nbsp;&nbsp;UI_GetReg
</UL>

<P><STRONG><a name="[120]"></a>MCI_GetVqd</STRONG> (Thumb, 8 bytes, Stack size 0 bytes, mc_interface.o(i.MCI_GetVqd))
<BR><BR>[Called By]<UL><LI><a href="#[66]">&gt;&gt;</a>&nbsp;&nbsp;&nbsp;UI_GetReg
</UL>

<P><STRONG><a name="[d8]"></a>MCI_Init</STRONG> (Thumb, 20 bytes, Stack size 0 bytes, mc_interface.o(i.MCI_Init))
<BR><BR>[Called By]<UL><LI><a href="#[cd]">&gt;&gt;</a>&nbsp;&nbsp;&nbsp;MCboot
</UL>

<P><STRONG><a name="[12d]"></a>MCI_SetCurrentReferences</STRONG> (Thumb, 20 bytes, Stack size 0 bytes, mc_interface.o(i.MCI_SetCurrentReferences))
<BR><BR>[Called By]<UL><LI><a href="#[ae]">&gt;&gt;</a>&nbsp;&nbsp;&nbsp;UI_SetReg
<LI><a href="#[b5]">&gt;&gt;</a>&nbsp;&nbsp;&nbsp;UI_SetCurrentReferences
</UL>

<P><STRONG><a name="[132]"></a>MCI_SetIdref</STRONG> (Thumb, 10 bytes, Stack size 0 bytes, mc_interface.o(i.MCI_SetIdref))
<BR><BR>[Called By]<UL><LI><a href="#[ae]">&gt;&gt;</a>&nbsp;&nbsp;&nbsp;UI_SetReg
</UL>

<P><STRONG><a name="[a5]"></a>MCI_StartMotor</STRONG> (Thumb, 22 bytes, Stack size 8 bytes, mc_interface.o(i.MCI_StartMotor))
<BR><BR>[Stack]<UL><LI>Max Depth = 8<LI>Call Chain = MCI_StartMotor
</UL>
<BR>[Calls]<UL><LI><a href="#[98]">&gt;&gt;</a>&nbsp;&nbsp;&nbsp;STM_NextState
</UL>
<BR>[Called By]<UL><LI><a href="#[b1]">&gt;&gt;</a>&nbsp;&nbsp;&nbsp;UI_ExecCmd
</UL>

<P><STRONG><a name="[a6]"></a>MCI_StopMotor</STRONG> (Thumb, 8 bytes, Stack size 0 bytes, mc_interface.o(i.MCI_StopMotor))
<BR><BR>[Calls]<UL><LI><a href="#[98]">&gt;&gt;</a>&nbsp;&nbsp;&nbsp;STM_NextState
</UL>
<BR>[Called By]<UL><LI><a href="#[b1]">&gt;&gt;</a>&nbsp;&nbsp;&nbsp;UI_ExecCmd
</UL>

<P><STRONG><a name="[a7]"></a>MCI_StopSpeedRamp</STRONG> (Thumb, 6 bytes, Stack size 0 bytes, mc_interface.o(i.MCI_StopSpeedRamp))
<BR><BR>[Calls]<UL><LI><a href="#[a8]">&gt;&gt;</a>&nbsp;&nbsp;&nbsp;STC_StopSpeedRamp
</UL>
<BR>[Called By]<UL><LI><a href="#[b1]">&gt;&gt;</a>&nbsp;&nbsp;&nbsp;UI_ExecCmd
</UL>

<P><STRONG><a name="[103]"></a>MCM_Clarke</STRONG> (Thumb, 72 bytes, Stack size 0 bytes, mc_math.o(i.MCM_Clarke))
<BR><BR>[Called By]<UL><LI><a href="#[62]">&gt;&gt;</a>&nbsp;&nbsp;&nbsp;TSK_HighFrequencyTask
</UL>

<P><STRONG><a name="[a9]"></a>MCM_Park</STRONG> (Thumb, 122 bytes, Stack size 16 bytes, mc_math.o(i.MCM_Park))
<BR><BR>[Stack]<UL><LI>Max Depth = 16<LI>Call Chain = MCM_Park
</UL>
<BR>[Calls]<UL><LI><a href="#[aa]">&gt;&gt;</a>&nbsp;&nbsp;&nbsp;MCM_Trig_Functions
</UL>
<BR>[Called By]<UL><LI><a href="#[62]">&gt;&gt;</a>&nbsp;&nbsp;&nbsp;TSK_HighFrequencyTask
<LI><a href="#[b7]">&gt;&gt;</a>&nbsp;&nbsp;&nbsp;MC_Scheduler
</UL>

<P><STRONG><a name="[ab]"></a>MCM_Rev_Park</STRONG> (Thumb, 54 bytes, Stack size 8 bytes, mc_math.o(i.MCM_Rev_Park))
<BR><BR>[Stack]<UL><LI>Max Depth = 8<LI>Call Chain = MCM_Rev_Park
</UL>
<BR>[Calls]<UL><LI><a href="#[aa]">&gt;&gt;</a>&nbsp;&nbsp;&nbsp;MCM_Trig_Functions
</UL>
<BR>[Called By]<UL><LI><a href="#[62]">&gt;&gt;</a>&nbsp;&nbsp;&nbsp;TSK_HighFrequencyTask
</UL>

<P><STRONG><a name="[aa]"></a>MCM_Trig_Functions</STRONG> (Thumb, 112 bytes, Stack size 0 bytes, mc_math.o(i.MCM_Trig_Functions))
<BR><BR>[Called By]<UL><LI><a href="#[f1]">&gt;&gt;</a>&nbsp;&nbsp;&nbsp;STO_CalcElAngle
<LI><a href="#[ab]">&gt;&gt;</a>&nbsp;&nbsp;&nbsp;MCM_Rev_Park
<LI><a href="#[a9]">&gt;&gt;</a>&nbsp;&nbsp;&nbsp;MCM_Park
</UL>

<P><STRONG><a name="[ac]"></a>MCP_Init</STRONG> (Thumb, 68 bytes, Stack size 24 bytes, motor_control_protocol.o(i.MCP_Init))
<BR><BR>[Stack]<UL><LI>Max Depth = 24<LI>Call Chain = MCP_Init
</UL>
<BR>[Calls]<UL><LI><a href="#[ad]">&gt;&gt;</a>&nbsp;&nbsp;&nbsp;FCP_SetClient
</UL>
<BR>[Called By]<UL><LI><a href="#[de]">&gt;&gt;</a>&nbsp;&nbsp;&nbsp;UI_TaskInit
</UL>

<P><STRONG><a name="[51]"></a>MCP_OnTimeOut</STRONG> (Thumb, 26 bytes, Stack size 8 bytes, motor_control_protocol.o(i.MCP_OnTimeOut))
<BR><BR>[Stack]<UL><LI>Max Depth = 8<LI>Call Chain = MCP_OnTimeOut
</UL>
<BR>[Address Reference Count : 1]<UL><LI> motor_control_protocol.o(i.MCP_Init)
</UL>
<P><STRONG><a name="[52]"></a>MCP_ReceivedFrame</STRONG> (Thumb, 1520 bytes, Stack size 104 bytes, motor_control_protocol.o(i.MCP_ReceivedFrame))
<BR><BR>[Stack]<UL><LI>Max Depth = 152<LI>Call Chain = MCP_ReceivedFrame &rArr; UI_SetReg &rArr; STO_SetPLLGains
</UL>
<BR>[Calls]<UL><LI><a href="#[b4]">&gt;&gt;</a>&nbsp;&nbsp;&nbsp;UI_SetRevupData
<LI><a href="#[ae]">&gt;&gt;</a>&nbsp;&nbsp;&nbsp;UI_SetReg
<LI><a href="#[af]">&gt;&gt;</a>&nbsp;&nbsp;&nbsp;UI_SetDAC
<LI><a href="#[b5]">&gt;&gt;</a>&nbsp;&nbsp;&nbsp;UI_SetCurrentReferences
<LI><a href="#[b3]">&gt;&gt;</a>&nbsp;&nbsp;&nbsp;UI_GetRevupData
<LI><a href="#[66]">&gt;&gt;</a>&nbsp;&nbsp;&nbsp;UI_GetReg
<LI><a href="#[b6]">&gt;&gt;</a>&nbsp;&nbsp;&nbsp;UI_GetMPInfo
<LI><a href="#[b0]">&gt;&gt;</a>&nbsp;&nbsp;&nbsp;UI_GetDAC
<LI><a href="#[b2]">&gt;&gt;</a>&nbsp;&nbsp;&nbsp;UI_ExecSpeedRamp
<LI><a href="#[b1]">&gt;&gt;</a>&nbsp;&nbsp;&nbsp;UI_ExecCmd
</UL>
<BR>[Address Reference Count : 1]<UL><LI> motor_control_protocol.o(i.MCP_Init)
</UL>
<P><STRONG><a name="[53]"></a>MCP_SentFrame</STRONG> (Thumb, 26 bytes, Stack size 8 bytes, motor_control_protocol.o(i.MCP_SentFrame))
<BR><BR>[Stack]<UL><LI>Max Depth = 8<LI>Call Chain = MCP_SentFrame
</UL>
<BR>[Address Reference Count : 1]<UL><LI> motor_control_protocol.o(i.MCP_Init)
</UL>
<P><STRONG><a name="[b7]"></a>MC_Scheduler</STRONG> (Thumb, 630 bytes, Stack size 40 bytes, mc_tasks.o(i.MC_Scheduler))
<BR><BR>[Stack]<UL><LI>Max Depth = 92<LI>Call Chain = MC_Scheduler &rArr; RUC_OTF_Exec &rArr; VSS_SetMecAcceleration
</UL>
<BR>[Calls]<UL><LI><a href="#[bc]">&gt;&gt;</a>&nbsp;&nbsp;&nbsp;MCI_GetImposedMotorDirection
<LI><a href="#[c4]">&gt;&gt;</a>&nbsp;&nbsp;&nbsp;VSS_SetStartTransition
<LI><a href="#[c5]">&gt;&gt;</a>&nbsp;&nbsp;&nbsp;VSS_IsTransitionOngoing
<LI><a href="#[cc]">&gt;&gt;</a>&nbsp;&nbsp;&nbsp;VSS_Clear
<LI><a href="#[c2]">&gt;&gt;</a>&nbsp;&nbsp;&nbsp;VSS_CalcAvrgMecSpeed01Hz
<LI><a href="#[c3]">&gt;&gt;</a>&nbsp;&nbsp;&nbsp;STO_IsObserverConverged
<LI><a href="#[be]">&gt;&gt;</a>&nbsp;&nbsp;&nbsp;STO_Clear
<LI><a href="#[b8]">&gt;&gt;</a>&nbsp;&nbsp;&nbsp;STO_CalcAvrgMecSpeed01Hz
<LI><a href="#[98]">&gt;&gt;</a>&nbsp;&nbsp;&nbsp;STM_NextState
<LI><a href="#[a4]">&gt;&gt;</a>&nbsp;&nbsp;&nbsp;STM_GetState
<LI><a href="#[c0]">&gt;&gt;</a>&nbsp;&nbsp;&nbsp;STM_FaultProcessing
<LI><a href="#[bb]">&gt;&gt;</a>&nbsp;&nbsp;&nbsp;STC_SetSpeedSensor
<LI><a href="#[ca]">&gt;&gt;</a>&nbsp;&nbsp;&nbsp;STC_ForceSpeedReferenceToCurrentSpeed
<LI><a href="#[c1]">&gt;&gt;</a>&nbsp;&nbsp;&nbsp;STC_CalcTorqueReference
<LI><a href="#[c6]">&gt;&gt;</a>&nbsp;&nbsp;&nbsp;SPD_GetElAngle
<LI><a href="#[bf]">&gt;&gt;</a>&nbsp;&nbsp;&nbsp;RUC_OTF_Exec
<LI><a href="#[bd]">&gt;&gt;</a>&nbsp;&nbsp;&nbsp;RUC_Clear
<LI><a href="#[c7]">&gt;&gt;</a>&nbsp;&nbsp;&nbsp;REMNG_Init
<LI><a href="#[c8]">&gt;&gt;</a>&nbsp;&nbsp;&nbsp;REMNG_ExecRamp
<LI><a href="#[ba]">&gt;&gt;</a>&nbsp;&nbsp;&nbsp;PWMC_CurrentReadingCalibr
<LI><a href="#[b9]">&gt;&gt;</a>&nbsp;&nbsp;&nbsp;PQD_CalcElMotorPower
<LI><a href="#[68]">&gt;&gt;</a>&nbsp;&nbsp;&nbsp;PID_SetIntegralTerm
<LI><a href="#[c9]">&gt;&gt;</a>&nbsp;&nbsp;&nbsp;PID_GetKIDivisor
<LI><a href="#[cb]">&gt;&gt;</a>&nbsp;&nbsp;&nbsp;MPM_Clear
<LI><a href="#[a9]">&gt;&gt;</a>&nbsp;&nbsp;&nbsp;MCM_Park
<LI><a href="#[99]">&gt;&gt;</a>&nbsp;&nbsp;&nbsp;MCI_ExecBufferedCommands
<LI><a href="#[67]">&gt;&gt;</a>&nbsp;&nbsp;&nbsp;FOC_Clear
<LI><a href="#[2]">&gt;&gt;</a>&nbsp;&nbsp;&nbsp;R1F30X_SwitchOnPWM
<LI><a href="#[1]">&gt;&gt;</a>&nbsp;&nbsp;&nbsp;R1F30X_SwitchOffPWM
</UL>
<BR>[Called By]<UL><LI><a href="#[f9]">&gt;&gt;</a>&nbsp;&nbsp;&nbsp;TB_Scheduler
<LI><a href="#[34]">&gt;&gt;</a>&nbsp;&nbsp;&nbsp;TIM1_BRK_TIM15_IRQHandler
</UL>

<P><STRONG><a name="[cd]"></a>MCboot</STRONG> (Thumb, 378 bytes, Stack size 48 bytes, mc_tasks.o(i.MCboot))
<BR><BR>[Stack]<UL><LI>Max Depth = 88<LI>Call Chain = MCboot &rArr; R1F30X_Init
</UL>
<BR>[Calls]<UL><LI><a href="#[da]">&gt;&gt;</a>&nbsp;&nbsp;&nbsp;MCI_ExecSpeedRamp
<LI><a href="#[d4]">&gt;&gt;</a>&nbsp;&nbsp;&nbsp;VSS_Init
<LI><a href="#[d2]">&gt;&gt;</a>&nbsp;&nbsp;&nbsp;STO_Init
<LI><a href="#[d0]">&gt;&gt;</a>&nbsp;&nbsp;&nbsp;STM_Init
<LI><a href="#[d3]">&gt;&gt;</a>&nbsp;&nbsp;&nbsp;STC_Init
<LI><a href="#[d9]">&gt;&gt;</a>&nbsp;&nbsp;&nbsp;STC_GetMecSpeedRef01HzDefault
<LI><a href="#[96]">&gt;&gt;</a>&nbsp;&nbsp;&nbsp;STC_GetDefaultIqdref
<LI><a href="#[d6]">&gt;&gt;</a>&nbsp;&nbsp;&nbsp;RVBS_Init
<LI><a href="#[d5]">&gt;&gt;</a>&nbsp;&nbsp;&nbsp;RUC_Init
<LI><a href="#[c7]">&gt;&gt;</a>&nbsp;&nbsp;&nbsp;REMNG_Init
<LI><a href="#[cf]">&gt;&gt;</a>&nbsp;&nbsp;&nbsp;R1F3XX_StartTimers
<LI><a href="#[ce]">&gt;&gt;</a>&nbsp;&nbsp;&nbsp;R1F30X_Init
<LI><a href="#[d1]">&gt;&gt;</a>&nbsp;&nbsp;&nbsp;PID_HandleInit
<LI><a href="#[d7]">&gt;&gt;</a>&nbsp;&nbsp;&nbsp;NTC_Init
<LI><a href="#[d8]">&gt;&gt;</a>&nbsp;&nbsp;&nbsp;MCI_Init
<LI><a href="#[67]">&gt;&gt;</a>&nbsp;&nbsp;&nbsp;FOC_Clear
</UL>
<BR>[Called By]<UL><LI><a href="#[db]">&gt;&gt;</a>&nbsp;&nbsp;&nbsp;MX_MotorControl_Init
</UL>

<P><STRONG><a name="[e2]"></a>MPM_CalcElMotorPower</STRONG> (Thumb, 74 bytes, Stack size 4 bytes, motor_power_measurement.o(i.MPM_CalcElMotorPower))
<BR><BR>[Stack]<UL><LI>Max Depth = 4<LI>Call Chain = MPM_CalcElMotorPower
</UL>
<BR>[Called By]<UL><LI><a href="#[b9]">&gt;&gt;</a>&nbsp;&nbsp;&nbsp;PQD_CalcElMotorPower
</UL>

<P><STRONG><a name="[cb]"></a>MPM_Clear</STRONG> (Thumb, 24 bytes, Stack size 8 bytes, motor_power_measurement.o(i.MPM_Clear))
<BR><BR>[Stack]<UL><LI>Max Depth = 8<LI>Call Chain = MPM_Clear
</UL>
<BR>[Calls]<UL><LI><a href="#[5e]">&gt;&gt;</a>&nbsp;&nbsp;&nbsp;__aeabi_memclr
</UL>
<BR>[Called By]<UL><LI><a href="#[fa]">&gt;&gt;</a>&nbsp;&nbsp;&nbsp;TSK_SafetyTask
<LI><a href="#[b7]">&gt;&gt;</a>&nbsp;&nbsp;&nbsp;MC_Scheduler
</UL>

<P><STRONG><a name="[11b]"></a>MPM_GetAvrgElMotorPowerW</STRONG> (Thumb, 6 bytes, Stack size 0 bytes, motor_power_measurement.o(i.MPM_GetAvrgElMotorPowerW))
<BR><BR>[Called By]<UL><LI><a href="#[66]">&gt;&gt;</a>&nbsp;&nbsp;&nbsp;UI_GetReg
</UL>

<P><STRONG><a name="[db]"></a>MX_MotorControl_Init</STRONG> (Thumb, 58 bytes, Stack size 16 bytes, motorcontrol.o(i.MX_MotorControl_Init))
<BR><BR>[Stack]<UL><LI>Max Depth = 104<LI>Call Chain = MX_MotorControl_Init &rArr; UI_TaskInit &rArr; MCP_Init
</UL>
<BR>[Calls]<UL><LI><a href="#[dd]">&gt;&gt;</a>&nbsp;&nbsp;&nbsp;mc_lock_pins
<LI><a href="#[de]">&gt;&gt;</a>&nbsp;&nbsp;&nbsp;UI_TaskInit
<LI><a href="#[cd]">&gt;&gt;</a>&nbsp;&nbsp;&nbsp;MCboot
<LI><a href="#[74]">&gt;&gt;</a>&nbsp;&nbsp;&nbsp;HAL_SYSTICK_Config
<LI><a href="#[dc]">&gt;&gt;</a>&nbsp;&nbsp;&nbsp;HAL_RCC_GetHCLKFreq
</UL>
<BR>[Called By]<UL><LI><a href="#[4e]">&gt;&gt;</a>&nbsp;&nbsp;&nbsp;main
</UL>

<P><STRONG><a name="[df]"></a>NTC_CalcAvTemp</STRONG> (Thumb, 78 bytes, Stack size 8 bytes, ntc_temperature_sensor.o(i.NTC_CalcAvTemp))
<BR><BR>[Stack]<UL><LI>Max Depth = 8<LI>Call Chain = NTC_CalcAvTemp
</UL>
<BR>[Calls]<UL><LI><a href="#[e0]">&gt;&gt;</a>&nbsp;&nbsp;&nbsp;PWMC_ExecRegularConv
</UL>
<BR>[Called By]<UL><LI><a href="#[fa]">&gt;&gt;</a>&nbsp;&nbsp;&nbsp;TSK_SafetyTask
</UL>

<P><STRONG><a name="[11a]"></a>NTC_GetAvTemp_C</STRONG> (Thumb, 40 bytes, Stack size 0 bytes, ntc_temperature_sensor.o(i.NTC_GetAvTemp_C))
<BR><BR>[Called By]<UL><LI><a href="#[66]">&gt;&gt;</a>&nbsp;&nbsp;&nbsp;UI_GetReg
</UL>

<P><STRONG><a name="[d7]"></a>NTC_Init</STRONG> (Thumb, 22 bytes, Stack size 0 bytes, ntc_temperature_sensor.o(i.NTC_Init))
<BR><BR>[Called By]<UL><LI><a href="#[cd]">&gt;&gt;</a>&nbsp;&nbsp;&nbsp;MCboot
</UL>

<P><STRONG><a name="[117]"></a>PID_GetKD</STRONG> (Thumb, 6 bytes, Stack size 0 bytes, pid_regulator.o(i.PID_GetKD))
<BR><BR>[Called By]<UL><LI><a href="#[66]">&gt;&gt;</a>&nbsp;&nbsp;&nbsp;UI_GetReg
</UL>

<P><STRONG><a name="[f4]"></a>PID_GetKI</STRONG> (Thumb, 6 bytes, Stack size 0 bytes, pid_regulator.o(i.PID_GetKI))
<BR><BR>[Called By]<UL><LI><a href="#[66]">&gt;&gt;</a>&nbsp;&nbsp;&nbsp;UI_GetReg
<LI><a href="#[f2]">&gt;&gt;</a>&nbsp;&nbsp;&nbsp;STO_GetPLLGains
</UL>

<P><STRONG><a name="[c9]"></a>PID_GetKIDivisor</STRONG> (Thumb, 4 bytes, Stack size 0 bytes, pid_regulator.o(i.PID_GetKIDivisor))
<BR><BR>[Called By]<UL><LI><a href="#[66]">&gt;&gt;</a>&nbsp;&nbsp;&nbsp;UI_GetReg
<LI><a href="#[b7]">&gt;&gt;</a>&nbsp;&nbsp;&nbsp;MC_Scheduler
</UL>

<P><STRONG><a name="[f3]"></a>PID_GetKP</STRONG> (Thumb, 6 bytes, Stack size 0 bytes, pid_regulator.o(i.PID_GetKP))
<BR><BR>[Called By]<UL><LI><a href="#[66]">&gt;&gt;</a>&nbsp;&nbsp;&nbsp;UI_GetReg
<LI><a href="#[f2]">&gt;&gt;</a>&nbsp;&nbsp;&nbsp;STO_GetPLLGains
</UL>

<P><STRONG><a name="[116]"></a>PID_GetKPDivisor</STRONG> (Thumb, 4 bytes, Stack size 0 bytes, pid_regulator.o(i.PID_GetKPDivisor))
<BR><BR>[Called By]<UL><LI><a href="#[66]">&gt;&gt;</a>&nbsp;&nbsp;&nbsp;UI_GetReg
</UL>

<P><STRONG><a name="[d1]"></a>PID_HandleInit</STRONG> (Thumb, 20 bytes, Stack size 0 bytes, pid_regulator.o(i.PID_HandleInit))
<BR><BR>[Called By]<UL><LI><a href="#[cd]">&gt;&gt;</a>&nbsp;&nbsp;&nbsp;MCboot
<LI><a href="#[d2]">&gt;&gt;</a>&nbsp;&nbsp;&nbsp;STO_Init
</UL>

<P><STRONG><a name="[68]"></a>PID_SetIntegralTerm</STRONG> (Thumb, 4 bytes, Stack size 0 bytes, pid_regulator.o(i.PID_SetIntegralTerm))
<BR><BR>[Called By]<UL><LI><a href="#[e7]">&gt;&gt;</a>&nbsp;&nbsp;&nbsp;STO_ResetPLL
<LI><a href="#[d2]">&gt;&gt;</a>&nbsp;&nbsp;&nbsp;STO_Init
<LI><a href="#[be]">&gt;&gt;</a>&nbsp;&nbsp;&nbsp;STO_Clear
<LI><a href="#[69]">&gt;&gt;</a>&nbsp;&nbsp;&nbsp;STC_Clear
<LI><a href="#[b7]">&gt;&gt;</a>&nbsp;&nbsp;&nbsp;MC_Scheduler
<LI><a href="#[67]">&gt;&gt;</a>&nbsp;&nbsp;&nbsp;FOC_Clear
</UL>

<P><STRONG><a name="[130]"></a>PID_SetKD</STRONG> (Thumb, 4 bytes, Stack size 0 bytes, pid_regulator.o(i.PID_SetKD))
<BR><BR>[Called By]<UL><LI><a href="#[ae]">&gt;&gt;</a>&nbsp;&nbsp;&nbsp;UI_SetReg
</UL>

<P><STRONG><a name="[f7]"></a>PID_SetKI</STRONG> (Thumb, 4 bytes, Stack size 0 bytes, pid_regulator.o(i.PID_SetKI))
<BR><BR>[Called By]<UL><LI><a href="#[ae]">&gt;&gt;</a>&nbsp;&nbsp;&nbsp;UI_SetReg
<LI><a href="#[f5]">&gt;&gt;</a>&nbsp;&nbsp;&nbsp;STO_SetPLLGains
</UL>

<P><STRONG><a name="[f6]"></a>PID_SetKP</STRONG> (Thumb, 4 bytes, Stack size 0 bytes, pid_regulator.o(i.PID_SetKP))
<BR><BR>[Called By]<UL><LI><a href="#[ae]">&gt;&gt;</a>&nbsp;&nbsp;&nbsp;UI_SetReg
<LI><a href="#[f5]">&gt;&gt;</a>&nbsp;&nbsp;&nbsp;STO_SetPLLGains
</UL>

<P><STRONG><a name="[ef]"></a>PI_Controller</STRONG> (Thumb, 122 bytes, Stack size 12 bytes, pid_regulator.o(i.PI_Controller))
<BR><BR>[Stack]<UL><LI>Max Depth = 12<LI>Call Chain = PI_Controller
</UL>
<BR>[Called By]<UL><LI><a href="#[f1]">&gt;&gt;</a>&nbsp;&nbsp;&nbsp;STO_CalcElAngle
<LI><a href="#[c1]">&gt;&gt;</a>&nbsp;&nbsp;&nbsp;STC_CalcTorqueReference
<LI><a href="#[62]">&gt;&gt;</a>&nbsp;&nbsp;&nbsp;TSK_HighFrequencyTask
</UL>

<P><STRONG><a name="[b9]"></a>PQD_CalcElMotorPower</STRONG> (Thumb, 90 bytes, Stack size 16 bytes, pqd_motor_power_measurement.o(i.PQD_CalcElMotorPower))
<BR><BR>[Stack]<UL><LI>Max Depth = 20<LI>Call Chain = PQD_CalcElMotorPower &rArr; MPM_CalcElMotorPower
</UL>
<BR>[Calls]<UL><LI><a href="#[e1]">&gt;&gt;</a>&nbsp;&nbsp;&nbsp;VBS_GetAvBusVoltage_V
<LI><a href="#[e2]">&gt;&gt;</a>&nbsp;&nbsp;&nbsp;MPM_CalcElMotorPower
</UL>
<BR>[Called By]<UL><LI><a href="#[b7]">&gt;&gt;</a>&nbsp;&nbsp;&nbsp;MC_Scheduler
</UL>

<P><STRONG><a name="[ee]"></a>PWMC_ADC_SetSamplingTime</STRONG> (Thumb, 4 bytes, Stack size 0 bytes, pwm_curr_fdbk.o(i.PWMC_ADC_SetSamplingTime))
<BR><BR>[Called By]<UL><LI><a href="#[d6]">&gt;&gt;</a>&nbsp;&nbsp;&nbsp;RVBS_Init
</UL>

<P><STRONG><a name="[10a]"></a>PWMC_CheckOverCurrent</STRONG> (Thumb, 4 bytes, Stack size 0 bytes, pwm_curr_fdbk.o(i.PWMC_CheckOverCurrent))
<BR><BR>[Called By]<UL><LI><a href="#[fa]">&gt;&gt;</a>&nbsp;&nbsp;&nbsp;TSK_SafetyTask
</UL>

<P><STRONG><a name="[ba]"></a>PWMC_CurrentReadingCalibr</STRONG> (Thumb, 66 bytes, Stack size 16 bytes, pwm_curr_fdbk.o(i.PWMC_CurrentReadingCalibr))
<BR><BR>[Stack]<UL><LI>Max Depth = 16<LI>Call Chain = PWMC_CurrentReadingCalibr
</UL>
<BR>[Called By]<UL><LI><a href="#[b7]">&gt;&gt;</a>&nbsp;&nbsp;&nbsp;MC_Scheduler
</UL>

<P><STRONG><a name="[e0]"></a>PWMC_ExecRegularConv</STRONG> (Thumb, 4 bytes, Stack size 0 bytes, pwm_curr_fdbk.o(i.PWMC_ExecRegularConv))
<BR><BR>[Called By]<UL><LI><a href="#[ed]">&gt;&gt;</a>&nbsp;&nbsp;&nbsp;RVBS_CalcAvVbusFilt
<LI><a href="#[df]">&gt;&gt;</a>&nbsp;&nbsp;&nbsp;NTC_CalcAvTemp
<LI><a href="#[fa]">&gt;&gt;</a>&nbsp;&nbsp;&nbsp;TSK_SafetyTask
</UL>

<P><STRONG><a name="[102]"></a>PWMC_GetPhaseCurrents</STRONG> (Thumb, 4 bytes, Stack size 0 bytes, pwm_curr_fdbk.o(i.PWMC_GetPhaseCurrents))
<BR><BR>[Called By]<UL><LI><a href="#[62]">&gt;&gt;</a>&nbsp;&nbsp;&nbsp;TSK_HighFrequencyTask
</UL>

<P><STRONG><a name="[105]"></a>PWMC_SetPhaseVoltage</STRONG> (Thumb, 414 bytes, Stack size 8 bytes, pwm_curr_fdbk.o(i.PWMC_SetPhaseVoltage))
<BR><BR>[Stack]<UL><LI>Max Depth = 8<LI>Call Chain = PWMC_SetPhaseVoltage
</UL>
<BR>[Called By]<UL><LI><a href="#[62]">&gt;&gt;</a>&nbsp;&nbsp;&nbsp;TSK_HighFrequencyTask
</UL>

<P><STRONG><a name="[6a]"></a>PWMC_SwitchOffPWM</STRONG> (Thumb, 4 bytes, Stack size 0 bytes, pwm_curr_fdbk.o(i.PWMC_SwitchOffPWM))
<BR><BR>[Called By]<UL><LI><a href="#[bf]">&gt;&gt;</a>&nbsp;&nbsp;&nbsp;RUC_OTF_Exec
<LI><a href="#[fa]">&gt;&gt;</a>&nbsp;&nbsp;&nbsp;TSK_SafetyTask
<LI><a href="#[67]">&gt;&gt;</a>&nbsp;&nbsp;&nbsp;FOC_Clear
</UL>

<P><STRONG><a name="[ec]"></a>PWMC_SwitchOnPWM</STRONG> (Thumb, 4 bytes, Stack size 0 bytes, pwm_curr_fdbk.o(i.PWMC_SwitchOnPWM))
<BR><BR>[Called By]<UL><LI><a href="#[bf]">&gt;&gt;</a>&nbsp;&nbsp;&nbsp;RUC_OTF_Exec
</UL>

<P><STRONG><a name="[eb]"></a>PWMC_TurnOnLowSides</STRONG> (Thumb, 4 bytes, Stack size 0 bytes, pwm_curr_fdbk.o(i.PWMC_TurnOnLowSides))
<BR><BR>[Called By]<UL><LI><a href="#[bf]">&gt;&gt;</a>&nbsp;&nbsp;&nbsp;RUC_OTF_Exec
</UL>

<P><STRONG><a name="[5]"></a>R1F30X_ADC_SetSamplingTime</STRONG> (Thumb, 108 bytes, Stack size 4 bytes, r1_f30x_pwm_curr_fdbk.o(i.R1F30X_ADC_SetSamplingTime))
<BR><BR>[Stack]<UL><LI>Max Depth = 4<LI>Call Chain = R1F30X_ADC_SetSamplingTime
</UL>
<BR>[Address Reference Count : 1]<UL><LI> mc_config.o(.data)
</UL>
<P><STRONG><a name="[fd]"></a>R1F30X_BRK2_IRQHandler</STRONG> (Thumb, 52 bytes, Stack size 0 bytes, r1_f30x_pwm_curr_fdbk.o(i.R1F30X_BRK2_IRQHandler))
<BR><BR>[Called By]<UL><LI><a href="#[34]">&gt;&gt;</a>&nbsp;&nbsp;&nbsp;TIM1_BRK_TIM15_IRQHandler
</UL>

<P><STRONG><a name="[fc]"></a>R1F30X_BRK_IRQHandler</STRONG> (Thumb, 28 bytes, Stack size 0 bytes, r1_f30x_pwm_curr_fdbk.o(i.R1F30X_BRK_IRQHandler))
<BR><BR>[Called By]<UL><LI><a href="#[34]">&gt;&gt;</a>&nbsp;&nbsp;&nbsp;TIM1_BRK_TIM15_IRQHandler
</UL>

<P><STRONG><a name="[6]"></a>R1F30X_CalcDutyCycles</STRONG> (Thumb, 1164 bytes, Stack size 36 bytes, r1_f30x_pwm_curr_fdbk.o(i.R1F30X_CalcDutyCycles))
<BR><BR>[Stack]<UL><LI>Max Depth = 36<LI>Call Chain = R1F30X_CalcDutyCycles
</UL>
<BR>[Address Reference Count : 1]<UL><LI> mc_config.o(.data)
</UL>
<P><STRONG><a name="[3]"></a>R1F30X_CurrentReadingCalibration</STRONG> (Thumb, 236 bytes, Stack size 16 bytes, r1_f30x_pwm_curr_fdbk.o(i.R1F30X_CurrentReadingCalibration))
<BR><BR>[Stack]<UL><LI>Max Depth = 40<LI>Call Chain = R1F30X_CurrentReadingCalibration &rArr; R1F30X_SwitchOffPWM
</UL>
<BR>[Calls]<UL><LI><a href="#[2]">&gt;&gt;</a>&nbsp;&nbsp;&nbsp;R1F30X_SwitchOnPWM
<LI><a href="#[1]">&gt;&gt;</a>&nbsp;&nbsp;&nbsp;R1F30X_SwitchOffPWM
</UL>
<BR>[Address Reference Count : 1]<UL><LI> mc_config.o(.data)
</UL>
<P><STRONG><a name="[7]"></a>R1F30X_ExecRegularConv</STRONG> (Thumb, 86 bytes, Stack size 0 bytes, r1_f30x_pwm_curr_fdbk.o(i.R1F30X_ExecRegularConv))
<BR>[Address Reference Count : 1]<UL><LI> mc_config.o(.data)
</UL>
<P><STRONG><a name="[0]"></a>R1F30X_GetPhaseCurrents</STRONG> (Thumb, 352 bytes, Stack size 36 bytes, r1_f30x_pwm_curr_fdbk.o(i.R1F30X_GetPhaseCurrents))
<BR><BR>[Stack]<UL><LI>Max Depth = 36<LI>Call Chain = R1F30X_GetPhaseCurrents
</UL>
<BR>[Address Reference Count : 3]<UL><LI> mc_config.o(.data)
<LI> r1_f30x_pwm_curr_fdbk.o(i.R1F30X_CurrentReadingCalibration)
<LI> r1_f30x_pwm_curr_fdbk.o(i.R1F30X_RLDetectionModeDisable)
</UL>
<P><STRONG><a name="[ce]"></a>R1F30X_Init</STRONG> (Thumb, 1144 bytes, Stack size 40 bytes, r1_f30x_pwm_curr_fdbk.o(i.R1F30X_Init))
<BR><BR>[Stack]<UL><LI>Max Depth = 40<LI>Call Chain = R1F30X_Init
</UL>
<BR>[Calls]<UL><LI><a href="#[e3]">&gt;&gt;</a>&nbsp;&nbsp;&nbsp;LL_TIM_OC_EnablePreload
</UL>
<BR>[Called By]<UL><LI><a href="#[cd]">&gt;&gt;</a>&nbsp;&nbsp;&nbsp;MCboot
</UL>

<P><STRONG><a name="[8]"></a>R1F30X_IsOverCurrentOccurred</STRONG> (Thumb, 38 bytes, Stack size 0 bytes, r1_f30x_pwm_curr_fdbk.o(i.R1F30X_IsOverCurrentOccurred))
<BR>[Address Reference Count : 1]<UL><LI> mc_config.o(.data)
</UL>
<P><STRONG><a name="[a]"></a>R1F30X_RLDetectionModeDisable</STRONG> (Thumb, 300 bytes, Stack size 20 bytes, r1_f30x_pwm_curr_fdbk.o(i.R1F30X_RLDetectionModeDisable))
<BR><BR>[Stack]<UL><LI>Max Depth = 20<LI>Call Chain = R1F30X_RLDetectionModeDisable
</UL>
<BR>[Address Reference Count : 1]<UL><LI> mc_config.o(.data)
</UL>
<P><STRONG><a name="[9]"></a>R1F30X_RLDetectionModeEnable</STRONG> (Thumb, 234 bytes, Stack size 20 bytes, r1_f30x_pwm_curr_fdbk.o(i.R1F30X_RLDetectionModeEnable))
<BR><BR>[Stack]<UL><LI>Max Depth = 20<LI>Call Chain = R1F30X_RLDetectionModeEnable
</UL>
<BR>[Address Reference Count : 1]<UL><LI> mc_config.o(.data)
</UL>
<P><STRONG><a name="[b]"></a>R1F30X_RLDetectionModeSetDuty</STRONG> (Thumb, 68 bytes, Stack size 0 bytes, r1_f30x_pwm_curr_fdbk.o(i.R1F30X_RLDetectionModeSetDuty))
<BR>[Address Reference Count : 1]<UL><LI> mc_config.o(.data)
</UL>
<P><STRONG><a name="[1]"></a>R1F30X_SwitchOffPWM</STRONG> (Thumb, 254 bytes, Stack size 24 bytes, r1_f30x_pwm_curr_fdbk.o(i.R1F30X_SwitchOffPWM))
<BR><BR>[Stack]<UL><LI>Max Depth = 24<LI>Call Chain = R1F30X_SwitchOffPWM
</UL>
<BR>[Calls]<UL><LI><a href="#[e3]">&gt;&gt;</a>&nbsp;&nbsp;&nbsp;LL_TIM_OC_EnablePreload
</UL>
<BR>[Called By]<UL><LI><a href="#[8f]">&gt;&gt;</a>&nbsp;&nbsp;&nbsp;TSK_HardwareFaultTask
<LI><a href="#[b7]">&gt;&gt;</a>&nbsp;&nbsp;&nbsp;MC_Scheduler
<LI><a href="#[3]">&gt;&gt;</a>&nbsp;&nbsp;&nbsp;R1F30X_CurrentReadingCalibration
</UL>
<BR>[Address Reference Count : 2]<UL><LI> mc_config.o(.data)
<LI> r1_f30x_pwm_curr_fdbk.o(i.R1F30X_RLDetectionModeDisable)
</UL>
<P><STRONG><a name="[2]"></a>R1F30X_SwitchOnPWM</STRONG> (Thumb, 280 bytes, Stack size 16 bytes, r1_f30x_pwm_curr_fdbk.o(i.R1F30X_SwitchOnPWM))
<BR><BR>[Stack]<UL><LI>Max Depth = 16<LI>Call Chain = R1F30X_SwitchOnPWM
</UL>
<BR>[Calls]<UL><LI><a href="#[e3]">&gt;&gt;</a>&nbsp;&nbsp;&nbsp;LL_TIM_OC_EnablePreload
</UL>
<BR>[Called By]<UL><LI><a href="#[b7]">&gt;&gt;</a>&nbsp;&nbsp;&nbsp;MC_Scheduler
<LI><a href="#[3]">&gt;&gt;</a>&nbsp;&nbsp;&nbsp;R1F30X_CurrentReadingCalibration
</UL>
<BR>[Address Reference Count : 2]<UL><LI> mc_config.o(.data)
<LI> r1_f30x_pwm_curr_fdbk.o(i.R1F30X_RLDetectionModeDisable)
</UL>
<P><STRONG><a name="[fe]"></a>R1F30X_TIMx_UP_IRQHandler</STRONG> (Thumb, 4 bytes, Stack size 0 bytes, r1_f30x_pwm_curr_fdbk.o(i.R1F30X_TIMx_UP_IRQHandler))
<BR><BR>[Called By]<UL><LI><a href="#[35]">&gt;&gt;</a>&nbsp;&nbsp;&nbsp;TIM1_UP_TIM16_IRQHandler
</UL>

<P><STRONG><a name="[4]"></a>R1F30X_TurnOnLowSides</STRONG> (Thumb, 80 bytes, Stack size 0 bytes, r1_f30x_pwm_curr_fdbk.o(i.R1F30X_TurnOnLowSides))
<BR>[Address Reference Count : 2]<UL><LI> mc_config.o(.data)
<LI> r1_f30x_pwm_curr_fdbk.o(i.R1F30X_RLDetectionModeDisable)
</UL>
<P><STRONG><a name="[cf]"></a>R1F3XX_StartTimers</STRONG> (Thumb, 92 bytes, Stack size 4 bytes, r1_f30x_pwm_curr_fdbk.o(i.R1F3XX_StartTimers))
<BR><BR>[Stack]<UL><LI>Max Depth = 4<LI>Call Chain = R1F3XX_StartTimers
</UL>
<BR>[Called By]<UL><LI><a href="#[cd]">&gt;&gt;</a>&nbsp;&nbsp;&nbsp;MCboot
</UL>

<P><STRONG><a name="[100]"></a>REMNG_Calc</STRONG> (Thumb, 46 bytes, Stack size 0 bytes, ramp_ext_mngr.o(i.REMNG_Calc))
<BR><BR>[Called By]<UL><LI><a href="#[62]">&gt;&gt;</a>&nbsp;&nbsp;&nbsp;TSK_HighFrequencyTask
</UL>

<P><STRONG><a name="[c8]"></a>REMNG_ExecRamp</STRONG> (Thumb, 252 bytes, Stack size 28 bytes, ramp_ext_mngr.o(i.REMNG_ExecRamp))
<BR><BR>[Stack]<UL><LI>Max Depth = 28<LI>Call Chain = REMNG_ExecRamp
</UL>
<BR>[Called By]<UL><LI><a href="#[b7]">&gt;&gt;</a>&nbsp;&nbsp;&nbsp;MC_Scheduler
</UL>

<P><STRONG><a name="[c7]"></a>REMNG_Init</STRONG> (Thumb, 16 bytes, Stack size 0 bytes, ramp_ext_mngr.o(i.REMNG_Init))
<BR><BR>[Called By]<UL><LI><a href="#[cd]">&gt;&gt;</a>&nbsp;&nbsp;&nbsp;MCboot
<LI><a href="#[b7]">&gt;&gt;</a>&nbsp;&nbsp;&nbsp;MC_Scheduler
</UL>

[...]

<P><STRONG><a name="[63]"></a>UI_DACUpdate</STRONG> (Thumb, 28 bytes, Stack size 16 bytes, ui_task.o(i.UI_DACUpdate))
<BR><BR>[Stack]<UL><LI>Max Depth = 16<LI>Call Chain = UI_DACUpdate
</UL>
<BR>[Calls]<UL><LI><a href="#[112]">&gt;&gt;</a>&nbsp;&nbsp;&nbsp;UI_GetSelectedMC
<LI><a href="#[113]">&gt;&gt;</a>&nbsp;&nbsp;&nbsp;UI_DACExec
</UL>
<BR>[Called By]<UL><LI><a href="#[2e]">&gt;&gt;</a>&nbsp;&nbsp;&nbsp;ADC1_IRQHandler
</UL>

<P><STRONG><a name="[b1]"></a>UI_ExecCmd</STRONG> (Thumb, 110 bytes, Stack size 16 bytes, user_interface.o(i.UI_ExecCmd))
<BR><BR>[Stack]<UL><LI>Max Depth = 24<LI>Call Chain = UI_ExecCmd &rArr; MCI_Clear_Iqdref
</UL>
<BR>[Calls]<UL><LI><a href="#[a7]">&gt;&gt;</a>&nbsp;&nbsp;&nbsp;MCI_StopSpeedRamp
<LI><a href="#[9c]">&gt;&gt;</a>&nbsp;&nbsp;&nbsp;MCI_FaultAcknowledged
<LI><a href="#[95]">&gt;&gt;</a>&nbsp;&nbsp;&nbsp;MCI_Clear_Iqdref
<LI><a href="#[a6]">&gt;&gt;</a>&nbsp;&nbsp;&nbsp;MCI_StopMotor
<LI><a href="#[a5]">&gt;&gt;</a>&nbsp;&nbsp;&nbsp;MCI_StartMotor
<LI><a href="#[a3]">&gt;&gt;</a>&nbsp;&nbsp;&nbsp;MCI_GetSTMState
<LI><a href="#[97]">&gt;&gt;</a>&nbsp;&nbsp;&nbsp;MCI_EncoderAlign
</UL>
<BR>[Called By]<UL><LI><a href="#[52]">&gt;&gt;</a>&nbsp;&nbsp;&nbsp;MCP_ReceivedFrame
</UL>

<P><STRONG><a name="[b2]"></a>UI_ExecSpeedRamp</STRONG> (Thumb, 32 bytes, Stack size 8 bytes, user_interface.o(i.UI_ExecSpeedRamp))
<BR><BR>[Stack]<UL><LI>Max Depth = 8<LI>Call Chain = UI_ExecSpeedRamp
</UL>
<BR>[Calls]<UL><LI><a href="#[da]">&gt;&gt;</a>&nbsp;&nbsp;&nbsp;MCI_ExecSpeedRamp
</UL>
<BR>[Called By]<UL><LI><a href="#[52]">&gt;&gt;</a>&nbsp;&nbsp;&nbsp;MCP_ReceivedFrame
</UL>

<P><STRONG><a name="[b0]"></a>UI_GetDAC</STRONG> (Thumb, 16 bytes, Stack size 0 bytes, user_interface.o(i.UI_GetDAC))
<BR><BR>[Called By]<UL><LI><a href="#[52]">&gt;&gt;</a>&nbsp;&nbsp;&nbsp;MCP_ReceivedFrame
</UL>

<P><STRONG><a name="[b6]"></a>UI_GetMPInfo</STRONG> (Thumb, 4 bytes, Stack size 0 bytes, user_interface.o(i.UI_GetMPInfo))
<BR><BR>[Called By]<UL><LI><a href="#[52]">&gt;&gt;</a>&nbsp;&nbsp;&nbsp;MCP_ReceivedFrame
</UL>

<P><STRONG><a name="[66]"></a>UI_GetReg</STRONG> (Thumb, 1276 bytes, Stack size 24 bytes, user_interface.o(i.UI_GetReg))
<BR><BR>[Stack]<UL><LI>Max Depth = 40<LI>Call Chain = UI_GetReg &rArr; STO_GetPLLGains
</UL>
<BR>[Calls]<UL><LI><a href="#[120]">&gt;&gt;</a>&nbsp;&nbsp;&nbsp;MCI_GetVqd
<LI><a href="#[121]">&gt;&gt;</a>&nbsp;&nbsp;&nbsp;MCI_GetValphabeta
<LI><a href="#[a1]">&gt;&gt;</a>&nbsp;&nbsp;&nbsp;MCI_GetMecSpeedRef01Hz
<LI><a href="#[129]">&gt;&gt;</a>&nbsp;&nbsp;&nbsp;MCI_GetLastRampFinalSpeed
<LI><a href="#[118]">&gt;&gt;</a>&nbsp;&nbsp;&nbsp;MCI_GetIqdref
<LI><a href="#[11c]">&gt;&gt;</a>&nbsp;&nbsp;&nbsp;MCI_GetIqd
<LI><a href="#[11f]">&gt;&gt;</a>&nbsp;&nbsp;&nbsp;MCI_GetIalphabeta
<LI><a href="#[11e]">&gt;&gt;</a>&nbsp;&nbsp;&nbsp;MCI_GetIab
<LI><a href="#[115]">&gt;&gt;</a>&nbsp;&nbsp;&nbsp;MCI_GetControlMode
<LI><a href="#[9e]">&gt;&gt;</a>&nbsp;&nbsp;&nbsp;MCI_GetAvrgMecSpeed01Hz
<LI><a href="#[e1]">&gt;&gt;</a>&nbsp;&nbsp;&nbsp;VBS_GetAvBusVoltage_V
<LI><a href="#[f2]">&gt;&gt;</a>&nbsp;&nbsp;&nbsp;STO_GetPLLGains
<LI><a href="#[119]">&gt;&gt;</a>&nbsp;&nbsp;&nbsp;STO_GetObserverGains
<LI><a href="#[128]">&gt;&gt;</a>&nbsp;&nbsp;&nbsp;STO_GetObservedBemfLevel
<LI><a href="#[123]">&gt;&gt;</a>&nbsp;&nbsp;&nbsp;STO_GetEstimatedCurrent
<LI><a href="#[127]">&gt;&gt;</a>&nbsp;&nbsp;&nbsp;STO_GetEstimatedBemfLevel
<LI><a href="#[124]">&gt;&gt;</a>&nbsp;&nbsp;&nbsp;STO_GetEstimatedBemf
<LI><a href="#[114]">&gt;&gt;</a>&nbsp;&nbsp;&nbsp;STM_GetFaultState
<LI><a href="#[126]">&gt;&gt;</a>&nbsp;&nbsp;&nbsp;STC_GetMinAppNegativeMecSpeed01Hz
<LI><a href="#[125]">&gt;&gt;</a>&nbsp;&nbsp;&nbsp;STC_GetMaxAppPositiveMecSpeed01Hz
<LI><a href="#[122]">&gt;&gt;</a>&nbsp;&nbsp;&nbsp;SPD_GetS16Speed
<LI><a href="#[11d]">&gt;&gt;</a>&nbsp;&nbsp;&nbsp;RUC_GetNumberOfPhases
<LI><a href="#[116]">&gt;&gt;</a>&nbsp;&nbsp;&nbsp;PID_GetKPDivisor
<LI><a href="#[f3]">&gt;&gt;</a>&nbsp;&nbsp;&nbsp;PID_GetKP
<LI><a href="#[f4]">&gt;&gt;</a>&nbsp;&nbsp;&nbsp;PID_GetKI
<LI><a href="#[117]">&gt;&gt;</a>&nbsp;&nbsp;&nbsp;PID_GetKD
<LI><a href="#[11a]">&gt;&gt;</a>&nbsp;&nbsp;&nbsp;NTC_GetAvTemp_C
<LI><a href="#[11b]">&gt;&gt;</a>&nbsp;&nbsp;&nbsp;MPM_GetAvrgElMotorPowerW
<LI><a href="#[a4]">&gt;&gt;</a>&nbsp;&nbsp;&nbsp;STM_GetState
<LI><a href="#[c6]">&gt;&gt;</a>&nbsp;&nbsp;&nbsp;SPD_GetElAngle
<LI><a href="#[c9]">&gt;&gt;</a>&nbsp;&nbsp;&nbsp;PID_GetKIDivisor
</UL>
<BR>[Called By]<UL><LI><a href="#[52]">&gt;&gt;</a>&nbsp;&nbsp;&nbsp;MCP_ReceivedFrame
<LI><a href="#[11]">&gt;&gt;</a>&nbsp;&nbsp;&nbsp;DAC_Exec
</UL>

<P><STRONG><a name="[b3]"></a>UI_GetRevupData</STRONG> (Thumb, 74 bytes, Stack size 32 bytes, user_interface.o(i.UI_GetRevupData))
<BR><BR>[Stack]<UL><LI>Max Depth = 32<LI>Call Chain = UI_GetRevupData
</UL>
<BR>[Calls]<UL><LI><a href="#[12c]">&gt;&gt;</a>&nbsp;&nbsp;&nbsp;RUC_GetPhaseFinalTorque
<LI><a href="#[12b]">&gt;&gt;</a>&nbsp;&nbsp;&nbsp;RUC_GetPhaseFinalMecSpeed01Hz
<LI><a href="#[12a]">&gt;&gt;</a>&nbsp;&nbsp;&nbsp;RUC_GetPhaseDurationms
</UL>
<BR>[Called By]<UL><LI><a href="#[52]">&gt;&gt;</a>&nbsp;&nbsp;&nbsp;MCP_ReceivedFrame
</UL>

<P><STRONG><a name="[112]"></a>UI_GetSelectedMC</STRONG> (Thumb, 6 bytes, Stack size 0 bytes, user_interface.o(i.UI_GetSelectedMC))
<BR><BR>[Called By]<UL><LI><a href="#[63]">&gt;&gt;</a>&nbsp;&nbsp;&nbsp;UI_DACUpdate
</UL>

<P><STRONG><a name="[136]"></a>UI_Init</STRONG> (Thumb, 22 bytes, Stack size 0 bytes, user_interface.o(i.UI_Init))
<BR><BR>[Called By]<UL><LI><a href="#[de]">&gt;&gt;</a>&nbsp;&nbsp;&nbsp;UI_TaskInit
</UL>

<P><STRONG><a name="[fb]"></a>UI_Scheduler</STRONG> (Thumb, 40 bytes, Stack size 0 bytes, ui_task.o(i.UI_Scheduler))
<BR><BR>[Called By]<UL><LI><a href="#[f9]">&gt;&gt;</a>&nbsp;&nbsp;&nbsp;TB_Scheduler
</UL>

<P><STRONG><a name="[94]"></a>UI_SerialCommunicationTimeOutStart</STRONG> (Thumb, 8 bytes, Stack size 0 bytes, ui_task.o(i.UI_SerialCommunicationTimeOutStart))
<BR><BR>[Called By]<UL><LI><a href="#[3f]">&gt;&gt;</a>&nbsp;&nbsp;&nbsp;USART2_IRQHandler
<LI><a href="#[14]">&gt;&gt;</a>&nbsp;&nbsp;&nbsp;HardFault_Handler
</UL>

<P><STRONG><a name="[91]"></a>UI_SerialCommunicationTimeOutStop</STRONG> (Thumb, 8 bytes, Stack size 0 bytes, ui_task.o(i.UI_SerialCommunicationTimeOutStop))
<BR><BR>[Called By]<UL><LI><a href="#[3f]">&gt;&gt;</a>&nbsp;&nbsp;&nbsp;USART2_IRQHandler
<LI><a href="#[14]">&gt;&gt;</a>&nbsp;&nbsp;&nbsp;HardFault_Handler
</UL>

<P><STRONG><a name="[b5]"></a>UI_SetCurrentReferences</STRONG> (Thumb, 26 bytes, Stack size 0 bytes, user_interface.o(i.UI_SetCurrentReferences))
<BR><BR>[Calls]<UL><LI><a href="#[12d]">&gt;&gt;</a>&nbsp;&nbsp;&nbsp;MCI_SetCurrentReferences
</UL>
<BR>[Called By]<UL><LI><a href="#[52]">&gt;&gt;</a>&nbsp;&nbsp;&nbsp;MCP_ReceivedFrame
</UL>

<P><STRONG><a name="[af]"></a>UI_SetDAC</STRONG> (Thumb, 10 bytes, Stack size 0 bytes, user_interface.o(i.UI_SetDAC))
<BR><BR>[Called By]<UL><LI><a href="#[52]">&gt;&gt;</a>&nbsp;&nbsp;&nbsp;MCP_ReceivedFrame
<LI><a href="#[de]">&gt;&gt;</a>&nbsp;&nbsp;&nbsp;UI_TaskInit
</UL>

<P><STRONG><a name="[ae]"></a>UI_SetReg</STRONG> (Thumb, 560 bytes, Stack size 32 bytes, user_interface.o(i.UI_SetReg))
<BR><BR>[Stack]<UL><LI>Max Depth = 48<LI>Call Chain = UI_SetReg &rArr; STO_SetPLLGains
</UL>
<BR>[Calls]<UL><LI><a href="#[132]">&gt;&gt;</a>&nbsp;&nbsp;&nbsp;MCI_SetIdref
<LI><a href="#[12d]">&gt;&gt;</a>&nbsp;&nbsp;&nbsp;MCI_SetCurrentReferences
<LI><a href="#[12e]">&gt;&gt;</a>&nbsp;&nbsp;&nbsp;MCI_GetTeref
<LI><a href="#[a1]">&gt;&gt;</a>&nbsp;&nbsp;&nbsp;MCI_GetMecSpeedRef01Hz
<LI><a href="#[118]">&gt;&gt;</a>&nbsp;&nbsp;&nbsp;MCI_GetIqdref
<LI><a href="#[12f]">&gt;&gt;</a>&nbsp;&nbsp;&nbsp;MCI_ExecTorqueRamp
<LI><a href="#[da]">&gt;&gt;</a>&nbsp;&nbsp;&nbsp;MCI_ExecSpeedRamp
<LI><a href="#[f5]">&gt;&gt;</a>&nbsp;&nbsp;&nbsp;STO_SetPLLGains
<LI><a href="#[131]">&gt;&gt;</a>&nbsp;&nbsp;&nbsp;STO_SetObserverGains
<LI><a href="#[f2]">&gt;&gt;</a>&nbsp;&nbsp;&nbsp;STO_GetPLLGains
<LI><a href="#[119]">&gt;&gt;</a>&nbsp;&nbsp;&nbsp;STO_GetObserverGains
<LI><a href="#[f6]">&gt;&gt;</a>&nbsp;&nbsp;&nbsp;PID_SetKP
<LI><a href="#[f7]">&gt;&gt;</a>&nbsp;&nbsp;&nbsp;PID_SetKI
<LI><a href="#[130]">&gt;&gt;</a>&nbsp;&nbsp;&nbsp;PID_SetKD
</UL>
<BR>[Called By]<UL><LI><a href="#[52]">&gt;&gt;</a>&nbsp;&nbsp;&nbsp;MCP_ReceivedFrame
</UL>

<P><STRONG><a name="[b4]"></a>UI_SetRevupData</STRONG> (Thumb, 56 bytes, Stack size 24 bytes, user_interface.o(i.UI_SetRevupData))
<BR><BR>[Stack]<UL><LI>Max Depth = 24<LI>Call Chain = UI_SetRevupData
</UL>
<BR>[Calls]<UL><LI><a href="#[135]">&gt;&gt;</a>&nbsp;&nbsp;&nbsp;RUC_SetPhaseFinalTorque
<LI><a href="#[134]">&gt;&gt;</a>&nbsp;&nbsp;&nbsp;RUC_SetPhaseFinalMecSpeed01Hz
<LI><a href="#[133]">&gt;&gt;</a>&nbsp;&nbsp;&nbsp;RUC_SetPhaseDurationms
</UL>
<BR>[Called By]<UL><LI><a href="#[52]">&gt;&gt;</a>&nbsp;&nbsp;&nbsp;MCP_ReceivedFrame
</UL>

<P><STRONG><a name="[de]"></a>UI_TaskInit</STRONG> (Thumb, 162 bytes, Stack size 64 bytes, ui_task.o(i.UI_TaskInit))
<BR><BR>[Stack]<UL><LI>Max Depth = 88<LI>Call Chain = UI_TaskInit &rArr; MCP_Init
</UL>
<BR>[Calls]<UL><LI><a href="#[af]">&gt;&gt;</a>&nbsp;&nbsp;&nbsp;UI_SetDAC
<LI><a href="#[ac]">&gt;&gt;</a>&nbsp;&nbsp;&nbsp;MCP_Init
<LI><a href="#[136]">&gt;&gt;</a>&nbsp;&nbsp;&nbsp;UI_Init
<LI><a href="#[137]">&gt;&gt;</a>&nbsp;&nbsp;&nbsp;UI_DACInit
<LI><a href="#[10f]">&gt;&gt;</a>&nbsp;&nbsp;&nbsp;UFCP_Init
</UL>
<BR>[Called By]<UL><LI><a href="#[db]">&gt;&gt;</a>&nbsp;&nbsp;&nbsp;MX_MotorControl_Init
</UL>

<P><STRONG><a name="[3f]"></a>USART2_IRQHandler</STRONG> (Thumb, 100 bytes, Stack size 8 bytes, stm32f30x_mc_it.o(i.USART2_IRQHandler))
<BR><BR>[Stack]<UL><LI>Max Depth = 32<LI>Call Chain = USART2_IRQHandler &rArr; UFCP_RX_IRQ_Handler &rArr; UFCP_Send
</UL>
<BR>[Calls]<UL><LI><a href="#[91]">&gt;&gt;</a>&nbsp;&nbsp;&nbsp;UI_SerialCommunicationTimeOutStop
<LI><a href="#[94]">&gt;&gt;</a>&nbsp;&nbsp;&nbsp;UI_SerialCommunicationTimeOutStart
<LI><a href="#[92]">&gt;&gt;</a>&nbsp;&nbsp;&nbsp;UFCP_TX_IRQ_Handler
<LI><a href="#[93]">&gt;&gt;</a>&nbsp;&nbsp;&nbsp;UFCP_RX_IRQ_Handler
<LI><a href="#[90]">&gt;&gt;</a>&nbsp;&nbsp;&nbsp;UFCP_OVR_IRQ_Handler
</UL>
<BR>[Address Reference Count : 1]<UL><LI> startup_stm32f302x8.o(RESET)
</UL>
<P><STRONG><a name="[e1]"></a>VBS_GetAvBusVoltage_V</STRONG> (Thumb, 10 bytes, Stack size 0 bytes, bus_voltage_sensor.o(i.VBS_GetAvBusVoltage_V))
<BR><BR>[Called By]<UL><LI><a href="#[66]">&gt;&gt;</a>&nbsp;&nbsp;&nbsp;UI_GetReg
<LI><a href="#[b9]">&gt;&gt;</a>&nbsp;&nbsp;&nbsp;PQD_CalcElMotorPower
</UL>

<P><STRONG><a name="[107]"></a>VBS_GetAvBusVoltage_d</STRONG> (Thumb, 4 bytes, Stack size 0 bytes, bus_voltage_sensor.o(i.VBS_GetAvBusVoltage_d))
<BR><BR>[Called By]<UL><LI><a href="#[62]">&gt;&gt;</a>&nbsp;&nbsp;&nbsp;TSK_HighFrequencyTask
</UL>

<P><STRONG><a name="[c2]"></a>VSS_CalcAvrgMecSpeed01Hz</STRONG> (Thumb, 148 bytes, Stack size 8 bytes, virtual_speed_sensor.o(i.VSS_CalcAvrgMecSpeed01Hz))
<BR><BR>[Stack]<UL><LI>Max Depth = 16<LI>Call Chain = VSS_CalcAvrgMecSpeed01Hz &rArr; SPD_IsMecSpeedReliable
</UL>
<BR>[Calls]<UL><LI><a href="#[f0]">&gt;&gt;</a>&nbsp;&nbsp;&nbsp;SPD_IsMecSpeedReliable
</UL>
<BR>[Called By]<UL><LI><a href="#[b7]">&gt;&gt;</a>&nbsp;&nbsp;&nbsp;MC_Scheduler
</UL>

<P><STRONG><a name="[109]"></a>VSS_CalcElAngle</STRONG> (Thumb, 158 bytes, Stack size 12 bytes, virtual_speed_sensor.o(i.VSS_CalcElAngle))
<BR><BR>[Stack]<UL><LI>Max Depth = 12<LI>Call Chain = VSS_CalcElAngle
</UL>
<BR>[Called By]<UL><LI><a href="#[62]">&gt;&gt;</a>&nbsp;&nbsp;&nbsp;TSK_HighFrequencyTask
</UL>

<P><STRONG><a name="[cc]"></a>VSS_Clear</STRONG> (Thumb, 44 bytes, Stack size 0 bytes, virtual_speed_sensor.o(i.VSS_Clear))
<BR><BR>[Called By]<UL><LI><a href="#[bd]">&gt;&gt;</a>&nbsp;&nbsp;&nbsp;RUC_Clear
<LI><a href="#[b7]">&gt;&gt;</a>&nbsp;&nbsp;&nbsp;MC_Scheduler
</UL>

<P><STRONG><a name="[d4]"></a>VSS_Init</STRONG> (Thumb, 44 bytes, Stack size 0 bytes, virtual_speed_sensor.o(i.VSS_Init))
<BR><BR>[Called By]<UL><LI><a href="#[cd]">&gt;&gt;</a>&nbsp;&nbsp;&nbsp;MCboot
</UL>

<P><STRONG><a name="[c5]"></a>VSS_IsTransitionOngoing</STRONG> (Thumb, 40 bytes, Stack size 0 bytes, virtual_speed_sensor.o(i.VSS_IsTransitionOngoing))
<BR><BR>[Called By]<UL><LI><a href="#[b7]">&gt;&gt;</a>&nbsp;&nbsp;&nbsp;MC_Scheduler
</UL>

<P><STRONG><a name="[e9]"></a>VSS_SetCopyObserver</STRONG> (Thumb, 8 bytes, Stack size 0 bytes, virtual_speed_sensor.o(i.VSS_SetCopyObserver))
<BR><BR>[Called By]<UL><LI><a href="#[bf]">&gt;&gt;</a>&nbsp;&nbsp;&nbsp;RUC_OTF_Exec
</UL>

<P><STRONG><a name="[e5]"></a>VSS_SetMecAcceleration</STRONG> (Thumb, 118 bytes, Stack size 12 bytes, virtual_speed_sensor.o(i.VSS_SetMecAcceleration))
<BR><BR>[Stack]<UL><LI>Max Depth = 12<LI>Call Chain = VSS_SetMecAcceleration
</UL>
<BR>[Called By]<UL><LI><a href="#[bf]">&gt;&gt;</a>&nbsp;&nbsp;&nbsp;RUC_OTF_Exec
<LI><a href="#[bd]">&gt;&gt;</a>&nbsp;&nbsp;&nbsp;RUC_Clear
</UL>

<P><STRONG><a name="[e4]"></a>VSS_SetMecAngle</STRONG> (Thumb, 14 bytes, Stack size 0 bytes, virtual_speed_sensor.o(i.VSS_SetMecAngle))
<BR><BR>[Called By]<UL><LI><a href="#[bd]">&gt;&gt;</a>&nbsp;&nbsp;&nbsp;RUC_Clear
</UL>

<P><STRONG><a name="[c4]"></a>VSS_SetStartTransition</STRONG> (Thumb, 28 bytes, Stack size 0 bytes, virtual_speed_sensor.o(i.VSS_SetStartTransition))
<BR><BR>[Called By]<UL><LI><a href="#[b7]">&gt;&gt;</a>&nbsp;&nbsp;&nbsp;MC_Scheduler
</UL>

<P><STRONG><a name="[7f]"></a>_Error_Handler</STRONG> (Thumb, 2 bytes, Stack size 0 bytes, main.o(i._Error_Handler))
<BR><BR>[Calls]<UL><LI><a href="#[7f]">&gt;&gt;</a>&nbsp;&nbsp;&nbsp;_Error_Handler
</UL>
<BR>[Called By]<UL><LI><a href="#[7f]">&gt;&gt;</a>&nbsp;&nbsp;&nbsp;_Error_Handler
<LI><a href="#[7c]">&gt;&gt;</a>&nbsp;&nbsp;&nbsp;HAL_TIM_Base_MspInit
</UL>

<P><STRONG><a name="[14e]"></a>__scatterload_copy</STRONG> (Thumb, 14 bytes, Stack size unknown bytes, handlers.o(i.__scatterload_copy), UNUSED)

<P><STRONG><a name="[14f]"></a>__scatterload_null</STRONG> (Thumb, 2 bytes, Stack size unknown bytes, handlers.o(i.__scatterload_null), UNUSED)

<P><STRONG><a name="[150]"></a>__scatterload_zeroinit</STRONG> (Thumb, 14 bytes, Stack size unknown bytes, handlers.o(i.__scatterload_zeroinit), UNUSED)

<P><STRONG><a name="[4e]"></a>main</STRONG> (Thumb, 810 bytes, Stack size 112 bytes, main.o(i.main))
<BR><BR>[Stack]<UL><LI>Max Depth = 304<LI>Call Chain = main &rArr; HAL_ADC_Init &rArr; HAL_ADC_MspInit &rArr; HAL_GPIO_Init
</UL>
<BR>[Calls]<UL><LI><a href="#[db]">&gt;&gt;</a>&nbsp;&nbsp;&nbsp;MX_MotorControl_Init
<LI><a href="#[8a]">&gt;&gt;</a>&nbsp;&nbsp;&nbsp;HAL_UART_Init
<LI><a href="#[88]">&gt;&gt;</a>&nbsp;&nbsp;&nbsp;HAL_TIM_SlaveConfigSynchronization
<LI><a href="#[86]">&gt;&gt;</a>&nbsp;&nbsp;&nbsp;HAL_TIM_PWM_Init
<LI><a href="#[80]">&gt;&gt;</a>&nbsp;&nbsp;&nbsp;HAL_TIM_MspPostInit
<LI><a href="#[7b]">&gt;&gt;</a>&nbsp;&nbsp;&nbsp;HAL_TIM_Base_Init
<LI><a href="#[13d]">&gt;&gt;</a>&nbsp;&nbsp;&nbsp;HAL_TIMEx_MasterConfigSynchronization
<LI><a href="#[13e]">&gt;&gt;</a>&nbsp;&nbsp;&nbsp;HAL_TIMEx_ConfigBreakDeadTime
<LI><a href="#[74]">&gt;&gt;</a>&nbsp;&nbsp;&nbsp;HAL_SYSTICK_Config
<LI><a href="#[138]">&gt;&gt;</a>&nbsp;&nbsp;&nbsp;HAL_SYSTICK_CLKSourceConfig
<LI><a href="#[78]">&gt;&gt;</a>&nbsp;&nbsp;&nbsp;HAL_RCC_OscConfig
<LI><a href="#[dc]">&gt;&gt;</a>&nbsp;&nbsp;&nbsp;HAL_RCC_GetHCLKFreq
<LI><a href="#[77]">&gt;&gt;</a>&nbsp;&nbsp;&nbsp;HAL_RCC_ClockConfig
<LI><a href="#[76]">&gt;&gt;</a>&nbsp;&nbsp;&nbsp;HAL_RCCEx_PeriphCLKConfig
<LI><a href="#[75]">&gt;&gt;</a>&nbsp;&nbsp;&nbsp;HAL_NVIC_SetPriority
<LI><a href="#[13f]">&gt;&gt;</a>&nbsp;&nbsp;&nbsp;HAL_NVIC_EnableIRQ
<LI><a href="#[70]">&gt;&gt;</a>&nbsp;&nbsp;&nbsp;HAL_Init
<LI><a href="#[139]">&gt;&gt;</a>&nbsp;&nbsp;&nbsp;HAL_GPIO_WritePin
<LI><a href="#[6d]">&gt;&gt;</a>&nbsp;&nbsp;&nbsp;HAL_GPIO_Init
<LI><a href="#[6e]">&gt;&gt;</a>&nbsp;&nbsp;&nbsp;HAL_DAC_Init
<LI><a href="#[13a]">&gt;&gt;</a>&nbsp;&nbsp;&nbsp;HAL_ADCEx_InjectedConfigChannel
<LI><a href="#[13c]">&gt;&gt;</a>&nbsp;&nbsp;&nbsp;HAL_DAC_ConfigChannel
<LI><a href="#[6b]">&gt;&gt;</a>&nbsp;&nbsp;&nbsp;HAL_ADC_Init
<LI><a href="#[13b]">&gt;&gt;</a>&nbsp;&nbsp;&nbsp;HAL_ADC_ConfigChannel
<LI><a href="#[81]">&gt;&gt;</a>&nbsp;&nbsp;&nbsp;HAL_TIM_PWM_ConfigChannel
</UL>
<BR>[Address Reference Count : 1]<UL><LI> entry9a.o(.ARM.Collect$$$$0000000B)
</UL>
<P><STRONG><a name="[dd]"></a>mc_lock_pins</STRONG> (Thumb, 112 bytes, Stack size 8 bytes, mc_tasks.o(i.mc_lock_pins))
<BR><BR>[Stack]<UL><LI>Max Depth = 12<LI>Call Chain = mc_lock_pins &rArr; HAL_GPIO_LockPin
</UL>
<BR>[Calls]<UL><LI><a href="#[140]">&gt;&gt;</a>&nbsp;&nbsp;&nbsp;HAL_GPIO_LockPin
</UL>
<BR>[Called By]<UL><LI><a href="#[db]">&gt;&gt;</a>&nbsp;&nbsp;&nbsp;MX_MotorControl_Init
</UL>
<P>
<H3>
Local Symbols
</H3>
<P><STRONG><a name="[67]"></a>FOC_Clear</STRONG> (Thumb, 86 bytes, Stack size 8 bytes, mc_tasks.o(i.FOC_Clear))
<BR><BR>[Stack]<UL><LI>Max Depth = 8<LI>Call Chain = FOC_Clear
</UL>
<BR>[Calls]<UL><LI><a href="#[69]">&gt;&gt;</a>&nbsp;&nbsp;&nbsp;STC_Clear
<LI><a href="#[6a]">&gt;&gt;</a>&nbsp;&nbsp;&nbsp;PWMC_SwitchOffPWM
<LI><a href="#[68]">&gt;&gt;</a>&nbsp;&nbsp;&nbsp;PID_SetIntegralTerm
</UL>
<BR>[Called By]<UL><LI><a href="#[cd]">&gt;&gt;</a>&nbsp;&nbsp;&nbsp;MCboot
<LI><a href="#[fa]">&gt;&gt;</a>&nbsp;&nbsp;&nbsp;TSK_SafetyTask
<LI><a href="#[b7]">&gt;&gt;</a>&nbsp;&nbsp;&nbsp;MC_Scheduler
</UL>

<P><STRONG><a name="[64]"></a>ADC_Disable</STRONG> (Thumb, 108 bytes, Stack size 16 bytes, stm32f3xx_hal_adc_ex.o(i.ADC_Disable))
<BR><BR>[Stack]<UL><LI>Max Depth = 16<LI>Call Chain = ADC_Disable
</UL>
<BR>[Calls]<UL><LI><a href="#[65]">&gt;&gt;</a>&nbsp;&nbsp;&nbsp;HAL_GetTick
</UL>
<BR>[Called By]<UL><LI><a href="#[6b]">&gt;&gt;</a>&nbsp;&nbsp;&nbsp;HAL_ADC_Init
</UL>

<P><STRONG><a name="[89]"></a>TIM_SlaveTimer_SetConfig</STRONG> (Thumb, 220 bytes, Stack size 0 bytes, stm32f3xx_hal_tim.o(i.TIM_SlaveTimer_SetConfig))
<BR><BR>[Called By]<UL><LI><a href="#[88]">&gt;&gt;</a>&nbsp;&nbsp;&nbsp;HAL_TIM_SlaveConfigSynchronization
</UL>

<P><STRONG><a name="[e3]"></a>LL_TIM_OC_EnablePreload</STRONG> (Thumb, 98 bytes, Stack size 0 bytes, r1_f30x_pwm_curr_fdbk.o(i.LL_TIM_OC_EnablePreload))
<BR><BR>[Called By]<UL><LI><a href="#[ce]">&gt;&gt;</a>&nbsp;&nbsp;&nbsp;R1F30X_Init
<LI><a href="#[2]">&gt;&gt;</a>&nbsp;&nbsp;&nbsp;R1F30X_SwitchOnPWM
<LI><a href="#[1]">&gt;&gt;</a>&nbsp;&nbsp;&nbsp;R1F30X_SwitchOffPWM
<LI><a href="#[57]">&gt;&gt;</a>&nbsp;&nbsp;&nbsp;R1F30X_RLSwitchOnPWM
</UL>

<P><STRONG><a name="[54]"></a>R1F30X_HFCurrentsCalibration</STRONG> (Thumb, 102 bytes, Stack size 0 bytes, r1_f30x_pwm_curr_fdbk.o(i.R1F30X_HFCurrentsCalibration))
<BR>[Address Reference Count : 1]<UL><LI> r1_f30x_pwm_curr_fdbk.o(i.R1F30X_CurrentReadingCalibration)
</UL>
<P><STRONG><a name="[55]"></a>R1F30X_RLGetPhaseCurrents</STRONG> (Thumb, 80 bytes, Stack size 0 bytes, r1_f30x_pwm_curr_fdbk.o(i.R1F30X_RLGetPhaseCurrents))
<BR>[Address Reference Count : 1]<UL><LI> r1_f30x_pwm_curr_fdbk.o(i.R1F30X_RLDetectionModeEnable)
</UL>
<P><STRONG><a name="[58]"></a>R1F30X_RLSwitchOffPWM</STRONG> (Thumb, 154 bytes, Stack size 0 bytes, r1_f30x_pwm_curr_fdbk.o(i.R1F30X_RLSwitchOffPWM))
<BR>[Address Reference Count : 1]<UL><LI> r1_f30x_pwm_curr_fdbk.o(i.R1F30X_RLDetectionModeEnable)
</UL>
<P><STRONG><a name="[57]"></a>R1F30X_RLSwitchOnPWM</STRONG> (Thumb, 122 bytes, Stack size 16 bytes, r1_f30x_pwm_curr_fdbk.o(i.R1F30X_RLSwitchOnPWM))
<BR><BR>[Stack]<UL><LI>Max Depth = 16<LI>Call Chain = R1F30X_RLSwitchOnPWM
</UL>
<BR>[Calls]<UL><LI><a href="#[e3]">&gt;&gt;</a>&nbsp;&nbsp;&nbsp;LL_TIM_OC_EnablePreload
</UL>
<BR>[Address Reference Count : 1]<UL><LI> r1_f30x_pwm_curr_fdbk.o(i.R1F30X_RLDetectionModeEnable)
</UL>
<P><STRONG><a name="[56]"></a>R1F30X_RLTurnOnLowSides</STRONG> (Thumb, 70 bytes, Stack size 0 bytes, r1_f30x_pwm_curr_fdbk.o(i.R1F30X_RLTurnOnLowSides))
<BR>[Address Reference Count : 1]<UL><LI> r1_f30x_pwm_curr_fdbk.o(i.R1F30X_RLDetectionModeEnable)
</UL><P>
<H3>
Undefined Global Symbols
</H3><HR></body></html>
